Archive member included to satisfy reference by file (symbol)

c:/program files (x86)/atmel/studio/7.0/toolchain/avr8/avr8-gnu-toolchain/bin/../lib/gcc/avr/5.4.0/../../../../avr/lib/avr6\libm.a(floatsisf.o)
                              drivers/hc_sr04.o (__floatunsisf)
c:/program files (x86)/atmel/studio/7.0/toolchain/avr8/avr8-gnu-toolchain/bin/../lib/gcc/avr/5.4.0/../../../../avr/lib/avr6\libm.a(gesf2.o)
                              drivers/hc_sr04.o (__gesf2)
c:/program files (x86)/atmel/studio/7.0/toolchain/avr8/avr8-gnu-toolchain/bin/../lib/gcc/avr/5.4.0/../../../../avr/lib/avr6\libm.a(fp_cmp.o)
                              c:/program files (x86)/atmel/studio/7.0/toolchain/avr8/avr8-gnu-toolchain/bin/../lib/gcc/avr/5.4.0/../../../../avr/lib/avr6\libm.a(gesf2.o) (__fp_cmp)
../drivers\libIotLibrary.a(stdio_driver.o)
                              main.o (stdio_initialise)
../drivers\libIotLibrary.a(status_leds.o)
                              main.o (status_leds_initialise)
../drivers\libIotLibrary.a(serial.o)
                              ../drivers\libIotLibrary.a(stdio_driver.o) (serial_create)
../drivers\libIotLibrary.a(fifo.o)
                              ../drivers\libIotLibrary.a(serial.o) (fifo_init)
c:/program files (x86)/atmel/studio/7.0/toolchain/avr8/avr8-gnu-toolchain/bin/../lib/gcc/avr/5.4.0/../../../../avr/lib/avr6\libm.a(addsf3.o)
                              ../drivers\libIotLibrary.a(serial.o) (__subsf3)
c:/program files (x86)/atmel/studio/7.0/toolchain/avr8/avr8-gnu-toolchain/bin/../lib/gcc/avr/5.4.0/../../../../avr/lib/avr6\libm.a(addsf3x.o)
                              c:/program files (x86)/atmel/studio/7.0/toolchain/avr8/avr8-gnu-toolchain/bin/../lib/gcc/avr/5.4.0/../../../../avr/lib/avr6\libm.a(addsf3.o) (__addsf3x)
c:/program files (x86)/atmel/studio/7.0/toolchain/avr8/avr8-gnu-toolchain/bin/../lib/gcc/avr/5.4.0/../../../../avr/lib/avr6\libm.a(divsf3.o)
                              ../drivers\libIotLibrary.a(serial.o) (__divsf3)
c:/program files (x86)/atmel/studio/7.0/toolchain/avr8/avr8-gnu-toolchain/bin/../lib/gcc/avr/5.4.0/../../../../avr/lib/avr6\libm.a(divsf3x.o)
                              c:/program files (x86)/atmel/studio/7.0/toolchain/avr8/avr8-gnu-toolchain/bin/../lib/gcc/avr/5.4.0/../../../../avr/lib/avr6\libm.a(divsf3.o) (__divsf3x)
c:/program files (x86)/atmel/studio/7.0/toolchain/avr8/avr8-gnu-toolchain/bin/../lib/gcc/avr/5.4.0/../../../../avr/lib/avr6\libm.a(fixunssfsi.o)
                              ../drivers\libIotLibrary.a(serial.o) (__fixunssfsi)
c:/program files (x86)/atmel/studio/7.0/toolchain/avr8/avr8-gnu-toolchain/bin/../lib/gcc/avr/5.4.0/../../../../avr/lib/avr6\libm.a(fp_inf.o)
                              c:/program files (x86)/atmel/studio/7.0/toolchain/avr8/avr8-gnu-toolchain/bin/../lib/gcc/avr/5.4.0/../../../../avr/lib/avr6\libm.a(addsf3x.o) (__fp_inf)
c:/program files (x86)/atmel/studio/7.0/toolchain/avr8/avr8-gnu-toolchain/bin/../lib/gcc/avr/5.4.0/../../../../avr/lib/avr6\libm.a(fp_nan.o)
                              c:/program files (x86)/atmel/studio/7.0/toolchain/avr8/avr8-gnu-toolchain/bin/../lib/gcc/avr/5.4.0/../../../../avr/lib/avr6\libm.a(addsf3x.o) (__fp_nan)
c:/program files (x86)/atmel/studio/7.0/toolchain/avr8/avr8-gnu-toolchain/bin/../lib/gcc/avr/5.4.0/../../../../avr/lib/avr6\libm.a(fp_pscA.o)
                              c:/program files (x86)/atmel/studio/7.0/toolchain/avr8/avr8-gnu-toolchain/bin/../lib/gcc/avr/5.4.0/../../../../avr/lib/avr6\libm.a(addsf3x.o) (__fp_pscA)
c:/program files (x86)/atmel/studio/7.0/toolchain/avr8/avr8-gnu-toolchain/bin/../lib/gcc/avr/5.4.0/../../../../avr/lib/avr6\libm.a(fp_pscB.o)
                              c:/program files (x86)/atmel/studio/7.0/toolchain/avr8/avr8-gnu-toolchain/bin/../lib/gcc/avr/5.4.0/../../../../avr/lib/avr6\libm.a(addsf3x.o) (__fp_pscB)
c:/program files (x86)/atmel/studio/7.0/toolchain/avr8/avr8-gnu-toolchain/bin/../lib/gcc/avr/5.4.0/../../../../avr/lib/avr6\libm.a(fp_round.o)
                              c:/program files (x86)/atmel/studio/7.0/toolchain/avr8/avr8-gnu-toolchain/bin/../lib/gcc/avr/5.4.0/../../../../avr/lib/avr6\libm.a(addsf3.o) (__fp_round)
c:/program files (x86)/atmel/studio/7.0/toolchain/avr8/avr8-gnu-toolchain/bin/../lib/gcc/avr/5.4.0/../../../../avr/lib/avr6\libm.a(fp_split3.o)
                              c:/program files (x86)/atmel/studio/7.0/toolchain/avr8/avr8-gnu-toolchain/bin/../lib/gcc/avr/5.4.0/../../../../avr/lib/avr6\libm.a(addsf3x.o) (__fp_split3)
c:/program files (x86)/atmel/studio/7.0/toolchain/avr8/avr8-gnu-toolchain/bin/../lib/gcc/avr/5.4.0/../../../../avr/lib/avr6\libm.a(fp_zero.o)
                              c:/program files (x86)/atmel/studio/7.0/toolchain/avr8/avr8-gnu-toolchain/bin/../lib/gcc/avr/5.4.0/../../../../avr/lib/avr6\libm.a(addsf3x.o) (__fp_zero)
c:/program files (x86)/atmel/studio/7.0/toolchain/avr8/avr8-gnu-toolchain/bin/../lib/gcc/avr/5.4.0/../../../../avr/lib/avr6\libm.a(mulsf3.o)
[...]
Memory Configuration

Name             Origin             Length             Attributes
text             0x00000000         0x00040000         xr
data             0x00800200         0x00002000         rw !x
eeprom           0x00810000         0x00001000         rw !x
fuse             0x00820000         0x00000003         rw !x
lock             0x00830000         0x00000400         rw !x
signature        0x00840000         0x00000400         rw !x
user_signatures  0x00850000         0x00000400         rw !x
*default*        0x00000000         0xffffffff

Linker script and memory map

Address of section .data set to 0x800200
LOAD C:/Program Files (x86)/Atmel/Studio/7.0/Packs/atmel/ATmega_DFP/1.7.374/gcc/dev/atmega2560/avr6/crtatmega2560.o
LOAD actionController.o
LOAD application.o
LOAD drivers/hc_sr04.o
LOAD FreeRTOS/FreeRTOSTraceDriver/FreeRTOSTraceDriver.o
LOAD FreeRTOS/src/croutine.o
LOAD FreeRTOS/src/event_groups.o
LOAD FreeRTOS/src/heap_4.o
LOAD FreeRTOS/src/list.o
LOAD FreeRTOS/src/port.o
LOAD FreeRTOS/src/queue.o
LOAD FreeRTOS/src/stream_buffer.o
LOAD FreeRTOS/src/tasks.o
LOAD FreeRTOS/src/timers.o
LOAD FreeRTOS/src/variantHooks.o
LOAD main.o
START GROUP
LOAD c:/program files (x86)/atmel/studio/7.0/toolchain/avr8/avr8-gnu-toolchain/bin/../lib/gcc/avr/5.4.0/../../../../avr/lib/avr6\libm.a
LOAD ../drivers\libIotLibrary.a
END GROUP
START GROUP
LOAD c:/program files (x86)/atmel/studio/7.0/toolchain/avr8/avr8-gnu-toolchain/bin/../lib/gcc/avr/5.4.0/avr6\libgcc.a
LOAD c:/program files (x86)/atmel/studio/7.0/toolchain/avr8/avr8-gnu-toolchain/bin/../lib/gcc/avr/5.4.0/../../../../avr/lib/avr6\libm.a
LOAD c:/program files (x86)/atmel/studio/7.0/toolchain/avr8/avr8-gnu-toolchain/bin/../lib/gcc/avr/5.4.0/../../../../avr/lib/avr6\libc.a
LOAD C:/Program Files (x86)/Atmel/Studio/7.0/Packs/atmel/ATmega_DFP/1.7.374/gcc/dev/atmega2560/avr6\libatmega2560.a
END GROUP
                0x00000000                __TEXT_REGION_ORIGIN__ = DEFINED (__TEXT_REGION_ORIGIN__)?__TEXT_REGION_ORIGIN__:0x0
                [0x00800200]                __DATA_REGION_ORIGIN__ = DEFINED (__DATA_REGION_ORIGIN__)?__DATA_REGION_ORIGIN__:0x800200
                [0x00040000]                __TEXT_REGION_LENGTH__ = DEFINED (__TEXT_REGION_LENGTH__)?__TEXT_REGION_LENGTH__:0x100000
                [0x00002000]                __DATA_REGION_LENGTH__ = DEFINED (__DATA_REGION_LENGTH__)?__DATA_REGION_LENGTH__:0xfe00
                [0x00001000]                __EEPROM_REGION_LENGTH__ = DEFINED (__EEPROM_REGION_LENGTH__)?__EEPROM_REGION_LENGTH__:0x10000
                [0x00000003]                __FUSE_REGION_LENGTH__ = DEFINED (__FUSE_REGION_LENGTH__)?__FUSE_REGION_LENGTH__:0x400
                0x00000400                __LOCK_REGION_LENGTH__ = DEFINED (__LOCK_REGION_LENGTH__)?__LOCK_REGION_LENGTH__:0x400
                0x00000400                __SIGNATURE_REGION_LENGTH__ = DEFINED (__SIGNATURE_REGION_LENGTH__)?__SIGNATURE_REGION_LENGTH__:0x400
                0x00000400                __USER_SIGNATURE_REGION_LENGTH__ = DEFINED (__USER_SIGNATURE_REGION_LENGTH__)?__USER_SIGNATURE_REGION_LENGTH__:0x400

.hash
 *(.hash)

.dynsym
 *(.dynsym)

.dynstr
 *(.dynstr)

.gnu.version
 *(.gnu.version)

.gnu.version_d
 *(.gnu.version_d)

.gnu.version_r
 *(.gnu.version_r)

.rel.init
 *(.rel.init)

.rela.init
 *(.rela.init)

.rel.text
 *(.rel.text)
 *(.rel.text.*)
 *(.rel.gnu.linkonce.t*)

.rela.text
 *(.rela.text)
 *(.rela.text.*)
 *(.rela.gnu.linkonce.t*)

.rel.fini
 *(.rel.fini)

.rela.fini
 *(.rela.fini)

.rel.rodata
 *(.rel.rodata)
 *(.rel.rodata.*)
 *(.rel.gnu.linkonce.r*)

.rela.rodata
 *(.rela.rodata)
 *(.rela.rodata.*)
 *(.rela.gnu.linkonce.r*)

.rel.data
 *(.rel.data)
 *(.rel.data.*)
 *(.rel.gnu.linkonce.d*)

.rela.data
 *(.rela.data)
 *(.rela.data.*)
 *(.rela.gnu.linkonce.d*)

.rel.ctors
 *(.rel.ctors)

.rela.ctors
 *(.rela.ctors)

.rel.dtors
 *(.rel.dtors)

.rela.dtors
 *(.rela.dtors)

.rel.got
 *(.rel.got)

.rela.got
 *(.rela.got)

.rel.bss
 *(.rel.bss)

.rela.bss
 *(.rela.bss)

.rel.plt
 *(.rel.plt)

.rela.plt
 *(.rela.plt)

.text           0x00000000     0x425a
 *(.vectors)
 .vectors       0x00000000       0xe4 C:/Program Files (x86)/Atmel/Studio/7.0/Packs/atmel/ATmega_DFP/1.7.374/gcc/dev/atmega2560/avr6/crtatmega2560.o
                0x00000000                __vector_default
                0x00000000                __vectors
 *(.vectors)
 *(.progmem.gcc*)
 .progmem.gcc_sw_table.prvProcessReceivedCommands
                0x000000e4       0x14 FreeRTOS/src/timers.o
                0x000000f8                . = ALIGN (0x2)
                0x000000f8                __trampolines_start = .
 *(.trampolines)
 .trampolines   0x000000f8        0x0 linker stubs
 *(.trampolines*)
                0x000000f8                __trampolines_end = .
 *libprintf_flt.a:*(.progmem.data)
 *libc.a:*(.progmem.data)
 *(.progmem*)
                0x000000f8                . = ALIGN (0x2)
 *(.jumptables)
 *(.jumptables*)
 *(.lowtext)
 .lowtext       0x000000f8       0x14 FreeRTOS/src/tasks.o
 .lowtext       0x0000010c       0x1e FreeRTOS/src/timers.o
 *(.lowtext*)
                0x0000012a                __ctors_start = .
 *(.ctors)
                0x0000012a                __ctors_end = .
                0x0000012a                __dtors_start = .
 *(.dtors)
                0x0000012a                __dtors_end = .
 SORT(*)(.ctors)
 SORT(*)(.dtors)
 *(.init0)
 .init0         0x0000012a        0x0 C:/Program Files (x86)/Atmel/Studio/7.0/Packs/atmel/ATmega_DFP/1.7.374/gcc/dev/atmega2560/avr6/crtatmega2560.o
                0x0000012a                __init
 *(.init0)
 *(.init1)
 *(.init1)
 *(.init2)
 .init2         0x0000012a       0x10 C:/Program Files (x86)/Atmel/Studio/7.0/Packs/atmel/ATmega_DFP/1.7.374/gcc/dev/atmega2560/avr6/crtatmega2560.o
 *(.init2)
 *(.init3)
 *(.init3)
 *(.init4)
 .init4         0x0000013a       0x1a c:/program files (x86)/atmel/studio/7.0/toolchain/avr8/avr8-gnu-toolchain/bin/../lib/gcc/avr/5.4.0/avr6\libgcc.a(_copy_data.o)
                0x0000013a                __do_copy_data
 .init4         0x00000154       0x10 c:/program files (x86)/atmel/studio/7.0/toolchain/avr8/avr8-gnu-toolchain/bin/../lib/gcc/avr/5.4.0/avr6\libgcc.a(_clear_bss.o)
                0x00000154                __do_clear_bss
 *(.init4)
 *(.init5)
 *(.init5)
 *(.init6)
 *(.init6)
 *(.init7)
 *(.init7)
 *(.init8)
 *(.init8)
 *(.init9)
 .init9         0x00000164        0x8 C:/Program Files (x86)/Atmel/Studio/7.0/Packs/atmel/ATmega_DFP/1.7.374/gcc/dev/atmega2560/avr6/crtatmega2560.o
 *(.init9)
 *(.text)
 .text          0x0000016c        0x2 C:/Program Files (x86)/Atmel/Studio/7.0/Packs/atmel/ATmega_DFP/1.7.374/gcc/dev/atmega2560/avr6/crtatmega2560.o
                0x0000016c                __vector_38
                0x0000016c                __vector_22
                0x0000016c                __vector_28
                0x0000016c                __vector_1
                0x0000016c                __vector_32
                0x0000016c                __vector_34
                0x0000016c                __vector_24
                0x0000016c                __vector_46
                0x0000016c                __bad_interrupt
                0x0000016c                __vector_6
                0x0000016c                __vector_31
                0x0000016c                __vector_35
                0x0000016c                __vector_39
                0x0000016c                __vector_3
                0x0000016c                __vector_23
                0x0000016c                __vector_30
                0x0000016c                __vector_45
                0x0000016c                __vector_11
                0x0000016c                __vector_13
                0x0000016c                __vector_17
                0x0000016c                __vector_19
                0x0000016c                __vector_56
                0x0000016c                __vector_7
                0x0000016c                __vector_49
                0x0000016c                __vector_41
                0x0000016c                __vector_43
                0x0000016c                __vector_27
                0x0000016c                __vector_5
                0x0000016c                __vector_33
                0x0000016c                __vector_47
                0x0000016c                __vector_4
                0x0000016c                __vector_44
                0x0000016c                __vector_9
                0x0000016c                __vector_2
                0x0000016c                __vector_21
                0x0000016c                __vector_15
                0x0000016c                __vector_29
                0x0000016c                __vector_40
                0x0000016c                __vector_8
                0x0000016c                __vector_48
                0x0000016c                __vector_14
                0x0000016c                __vector_53
                0x0000016c                __vector_10
                0x0000016c                __vector_50
                0x0000016c                __vector_16
                0x0000016c                __vector_18
                0x0000016c                __vector_20
                0x0000016c                __vector_42
                0x0000016e                . = ALIGN (0x2)
 *(.text.*)
 .text.distanceMeasurementFrontTask
                0x0000016e       0xb4 application.o
                0x0000016e                distanceMeasurementFrontTask
 .text.distanceMeasurementBackTask
                0x00000222       0xb4 application.o
                0x00000222                distanceMeasurementBackTask
 .text.create_all_application_tasks
                0x000002d6       0x88 application.o
                0x000002d6                create_all_application_tasks
 .text.turnOnLight
                0x0000035e       0x20 application.o
                0x0000035e                turnOnLight
 .text.turnOffLight
                0x0000037e       0x22 application.o
                0x0000037e                turnOffLight
 .text.obstacleDetectionFrontTask
                0x000003a0       0x52 application.o
                0x000003a0                obstacleDetectionFrontTask
 .text.obstacleDetectionBackTask
                0x000003f2       0x52 application.o
                0x000003f2                obstacleDetectionBackTask
 .text.hc_sr04_init
                0x00000444       0x20 drivers/hc_sr04.o
                0x00000444                hc_sr04_init
 .text.hc_sr04_takeMeasurement
                0x00000464      0x104 drivers/hc_sr04.o
                0x00000464                hc_sr04_takeMeasurement
 .text.trace_init
                0x00000568        0xc FreeRTOS/FreeRTOSTraceDriver/FreeRTOSTraceDriver.o
                0x00000568                trace_init
 .text.task_switch_in
                0x00000574       0x14 FreeRTOS/FreeRTOSTraceDriver/FreeRTOSTraceDriver.o
                0x00000574                task_switch_in
 .text.task_switch_out
                0x00000588        0xc FreeRTOS/FreeRTOSTraceDriver/FreeRTOSTraceDriver.o
                0x00000588                task_switch_out
 .text.xEventGroupCreate
                0x00000594       0x26 FreeRTOS/src/event_groups.o
                0x00000594                xEventGroupCreate
 .text.xEventGroupSetBits
                0x000005ba      0x11c FreeRTOS/src/event_groups.o
                0x000005ba                xEventGroupSetBits
 .text.prvHeapInit
                0x000006d6       0x52 FreeRTOS/src/heap_4.o
 .text.prvInsertBlockIntoFreeList
                0x00000728       0x94 FreeRTOS/src/heap_4.o
 .text.pvPortMalloc
                0x000007bc      0x152 FreeRTOS/src/heap_4.o
                0x000007bc                pvPortMalloc
 .text.vPortFree
                0x0000090e       0x78 FreeRTOS/src/heap_4.o
                0x0000090e                vPortFree
 .text.vListInitialise
                0x00000986       0x22 FreeRTOS/src/list.o
                0x00000986                vListInitialise
 .text.vListInitialiseItem
                0x000009a8        0x8 FreeRTOS/src/list.o
                0x000009a8                vListInitialiseItem
 .text.vListInsert
                0x000009b0       0x7a FreeRTOS/src/list.o
                0x000009b0                vListInsert
 .text.uxListRemove
                0x00000a2a       0x4e FreeRTOS/src/list.o
                0x00000a2a                uxListRemove
 .text.prvSetupTimerInterrupt
                0x00000a78       0x18 FreeRTOS/src/port.o
 .text.pxPortInitialiseStack
                0x00000a90       0x2e FreeRTOS/src/port.o
                0x00000a90                pxPortInitialiseStack
 .text.xPortStartScheduler
                0x00000abe       0x64 FreeRTOS/src/port.o
                0x00000abe                xPortStartScheduler
 .text.vPortYield
                0x00000b22       0xc2 FreeRTOS/src/port.o
                0x00000b22                vPortYield
 .text.vPortYieldFromTick
                0x00000be4       0xc8 FreeRTOS/src/port.o
                0x00000be4                vPortYieldFromTick
 .text.__vector_12
                0x00000cac        0x4 FreeRTOS/src/port.o
                0x00000cac                __vector_12
 .text.prvGetDisinheritPriorityAfterTimeout
                0x00000cb0       0x20 FreeRTOS/src/queue.o
 .text.prvIsQueueEmpty
                0x00000cd0       0x1a FreeRTOS/src/queue.o
 .text.prvIsQueueFull
                0x00000cea       0x1c FreeRTOS/src/queue.o
 .text.prvCopyDataToQueue
                0x00000d06       0xbe FreeRTOS/src/queue.o
 .text.prvCopyDataFromQueue
                0x00000dc4       0x34 FreeRTOS/src/queue.o
 .text.prvUnlockQueue
                0x00000df8       0x68 FreeRTOS/src/queue.o
 .text.xQueueGenericReset
                0x00000e60       0x86 FreeRTOS/src/queue.o
                0x00000e60                xQueueGenericReset
 .text.prvInitialiseNewQueue
                0x00000ee6       0x24 FreeRTOS/src/queue.o
 .text.xQueueGenericCreate
                0x00000f0a       0x46 FreeRTOS/src/queue.o
                0x00000f0a                xQueueGenericCreate
 .text.xQueueGenericSend
                0x00000f50      0x11a FreeRTOS/src/queue.o
                0x00000f50                xQueueGenericSend
 .text.prvInitialiseMutex
                0x0000106a       0x24 FreeRTOS/src/queue.o
 .text.xQueueCreateMutex
                0x0000108e       0x18 FreeRTOS/src/queue.o
                0x0000108e                xQueueCreateMutex
 .text.xQueueGenericSendFromISR
                0x000010a6       0x74 FreeRTOS/src/queue.o
                0x000010a6                xQueueGenericSendFromISR
 .text.xQueueReceive
                0x0000111a      0x116 FreeRTOS/src/queue.o
                0x0000111a                xQueueReceive
 .text.xQueueSemaphoreTake
                0x00001230      0x158 FreeRTOS/src/queue.o
                0x00001230                xQueueSemaphoreTake
 .text.vQueueWaitForMessageRestricted
                0x00001388       0x36 FreeRTOS/src/queue.o
                0x00001388                vQueueWaitForMessageRestricted
 .text.prvResetNextTaskUnblockTime
                0x000013be       0x4e FreeRTOS/src/tasks.o
 .text.prvDeleteTCB
                0x0000140c       0x16 FreeRTOS/src/tasks.o
 .text.prvInitialiseNewTask
                0x00001422       0xfa FreeRTOS/src/tasks.o
 .text.prvInitialiseTaskLists
                0x0000151c       0x54 FreeRTOS/src/tasks.o
 .text.prvAddNewTaskToReadyList
                0x00001570       0xdc FreeRTOS/src/tasks.o
 .text.prvCheckTasksWaitingTermination
                0x0000164c       0x48 FreeRTOS/src/tasks.o
 .text.prvAddCurrentTaskToDelayedList
                0x00001694      0x13e FreeRTOS/src/tasks.o
 .text.xTaskCreate
                0x000017d2       0x96 FreeRTOS/src/tasks.o
                0x000017d2                xTaskCreate
 .text.vTaskStartScheduler
                0x00001868       0x7a FreeRTOS/src/tasks.o
                0x00001868                vTaskStartScheduler
 .text.vTaskSuspendAll
                0x000018e2        0xc FreeRTOS/src/tasks.o
                0x000018e2                vTaskSuspendAll
 .text.xTaskGetTickCount
                0x000018ee       0x1c FreeRTOS/src/tasks.o
                0x000018ee                xTaskGetTickCount
 .text.xTaskIncrementTick
                0x0000190a      0x258 FreeRTOS/src/tasks.o
                0x0000190a                xTaskIncrementTick
 .text.xTaskResumeAll
                0x00001b62      0x1b8 FreeRTOS/src/tasks.o
                0x00001b62                xTaskResumeAll
 .text.vTaskDelay
                0x00001d1a       0x36 FreeRTOS/src/tasks.o
                0x00001d1a                vTaskDelay
 .text.vTaskSetApplicationTaskTag
                0x00001d50       0x1e FreeRTOS/src/tasks.o
                0x00001d50                vTaskSetApplicationTaskTag
 .text.vTaskSwitchContext
                0x00001d6e       0xe4 FreeRTOS/src/tasks.o
                0x00001d6e                vTaskSwitchContext
 .text.vTaskPlaceOnEventList
                0x00001e52       0x2e FreeRTOS/src/tasks.o
                0x00001e52                vTaskPlaceOnEventList
 .text.vTaskPlaceOnEventListRestricted
                0x00001e80       0x84 FreeRTOS/src/tasks.o
                0x00001e80                vTaskPlaceOnEventListRestricted
 .text.xTaskRemoveFromEventList
                0x00001f04      0x15e FreeRTOS/src/tasks.o
                0x00001f04                xTaskRemoveFromEventList
 .text.vTaskRemoveFromUnorderedEventList
                0x00002062      0x134 FreeRTOS/src/tasks.o
                0x00002062                vTaskRemoveFromUnorderedEventList
 .text.vTaskInternalSetTimeOutState
                0x00002196       0x22 FreeRTOS/src/tasks.o
                0x00002196                vTaskInternalSetTimeOutState
 .text.xTaskCheckForTimeOut
                0x000021b8       0xcc FreeRTOS/src/tasks.o
                0x000021b8                xTaskCheckForTimeOut
 .text.vTaskMissedYield
                0x00002284        0x8 FreeRTOS/src/tasks.o
                0x00002284                vTaskMissedYield
 .text.xTaskGetSchedulerState
                0x0000228c       0x1c FreeRTOS/src/tasks.o
                0x0000228c                xTaskGetSchedulerState
 .text.xTaskPriorityInherit
                0x000022a8      0x10e FreeRTOS/src/tasks.o
                0x000022a8                xTaskPriorityInherit
 .text.xTaskPriorityDisinherit
                0x000023b6       0xb6 FreeRTOS/src/tasks.o
                0x000023b6                xTaskPriorityDisinherit
 .text.vTaskPriorityDisinheritAfterTimeout
                0x0000246c       0xce FreeRTOS/src/tasks.o
                0x0000246c                vTaskPriorityDisinheritAfterTimeout
 .text.pvTaskIncrementMutexHeldCount
                0x0000253a       0x24 FreeRTOS/src/tasks.o
                0x0000253a                pvTaskIncrementMutexHeldCount
 .text.prvGetNextExpireTime
                0x0000255e       0x30 FreeRTOS/src/timers.o
 .text.prvInsertTimerInActiveList
                0x0000258e       0x92 FreeRTOS/src/timers.o
 .text.prvCheckForValidListAndQueue
                0x00002620       0x52 FreeRTOS/src/timers.o
 .text.xTimerCreateTimerTask
                0x00002672       0x40 FreeRTOS/src/timers.o
                0x00002672                xTimerCreateTimerTask
 .text.xTimerGenericCommand
                0x000026b2       0xbc FreeRTOS/src/timers.o
                0x000026b2                xTimerGenericCommand
 .text.prvSwitchTimerLists
                0x0000276e       0xd0 FreeRTOS/src/timers.o
 .text.prvSampleTimeNow
                0x0000283e       0x5a FreeRTOS/src/timers.o
 .text.prvProcessExpiredTimer
                0x00002898       0xac FreeRTOS/src/timers.o
 .text.prvProcessTimerOrBlockTask
                0x00002944       0xa8 FreeRTOS/src/timers.o
 .text.prvProcessReceivedCommands
                0x000029ec      0x166 FreeRTOS/src/timers.o
 .text.vApplicationIdleHook
                0x00002b52        0x2 FreeRTOS/src/variantHooks.o
                0x00002b52                vApplicationIdleHook
 .text.prvSetMainLedOn
                0x00002b54        0xe FreeRTOS/src/variantHooks.o
                0x00002b54                prvSetMainLedOn
 .text.prvBlinkMainLed
                0x00002b62        0x8 FreeRTOS/src/variantHooks.o
                0x00002b62                prvBlinkMainLed
 .text.vApplicationMallocFailedHook
                0x00002b6a       0x18 FreeRTOS/src/variantHooks.o
                0x00002b6a                vApplicationMallocFailedHook
 .text.vApplicationStackOverflowHook
                0x00002b82       0x18 FreeRTOS/src/variantHooks.o
                0x00002b82                vApplicationStackOverflowHook
 .text.initializeSystem
                0x00002b9a       0x34 main.o
                0x00002b9a                initializeSystem
 .text.main     0x00002bce        0xc main.o
                0x00002bce                main
 .text.avr-libc.fplib
                0x00002bda       0x7a c:/program files (x86)/atmel/studio/7.0/toolchain/avr8/avr8-gnu-toolchain/bin/../lib/gcc/avr/5.4.0/../../../../avr/lib/avr6\libm.a(floatsisf.o)
                0x00002bda                __floatunsisf
                0x00002bde                __floatsisf
 .text.avr-libc.fplib
                0x00002c54        0x8 c:/program files (x86)/atmel/studio/7.0/toolchain/avr8/avr8-gnu-toolchain/bin/../lib/gcc/avr/5.4.0/../../../../avr/lib/avr6\libm.a(gesf2.o)
                0x00002c54                __gesf2
                0x00002c54                __gtsf2
 .text.avr-libc.fplib
                0x00002c5c       0x48 c:/program files (x86)/atmel/studio/7.0/toolchain/avr8/avr8-gnu-toolchain/bin/../lib/gcc/avr/5.4.0/../../../../avr/lib/avr6\libm.a(fp_cmp.o)
                0x00002c5c                __fp_cmp
 .text.usart_getchar
                0x00002ca4       0x2a ../drivers\libIotLibrary.a(stdio_driver.o)
 .text.usart_putchar
                0x00002cce       0x12 ../drivers\libIotLibrary.a(stdio_driver.o)
 .text.stdio_initialise
                0x00002ce0       0x52 ../drivers\libIotLibrary.a(stdio_driver.o)
                0x00002ce0                stdio_initialise
 .text._turn_off
                0x00002d32       0x98 ../drivers\libIotLibrary.a(status_leds.o)
 .text._turn_on
                0x00002dca       0x98 ../drivers\libIotLibrary.a(status_leds.o)
 .text._hal_led_task
                0x00002e62       0x8c ../drivers\libIotLibrary.a(status_leds.o)
 .text.status_leds_initialise
                0x00002eee       0x9c ../drivers\libIotLibrary.a(status_leds.o)
                0x00002eee                status_leds_initialise
 .text.serial_create
                0x00002f8a      0x138 ../drivers\libIotLibrary.a(serial.o)
                0x00002f8a                serial_create
 .text.serial_sendByte
                0x000030c2       0x56 ../drivers\libIotLibrary.a(serial.o)
                0x000030c2                serial_sendByte
 .text.serial_getByte
                0x00003118       0x40 ../drivers\libIotLibrary.a(serial.o)
                0x00003118                serial_getByte
 .text.__vector_25
                0x00003158       0xa4 ../drivers\libIotLibrary.a(serial.o)
                0x00003158                __vector_25
 .text.__vector_26
                0x000031fc       0x88 ../drivers\libIotLibrary.a(serial.o)
                0x000031fc                __vector_26
 .text.__vector_36
                0x00003284       0xa4 ../drivers\libIotLibrary.a(serial.o)
                0x00003284                __vector_36
 .text.__vector_37
                0x00003328       0x88 ../drivers\libIotLibrary.a(serial.o)
                0x00003328                __vector_37
 .text.__vector_51
                0x000033b0       0xa4 ../drivers\libIotLibrary.a(serial.o)
                0x000033b0                __vector_51
 .text.__vector_52
                0x00003454       0x88 ../drivers\libIotLibrary.a(serial.o)
                0x00003454                __vector_52
 .text.__vector_54
                0x000034dc       0xa4 ../drivers\libIotLibrary.a(serial.o)
                0x000034dc                __vector_54
 .text.__vector_55
                0x00003580       0x88 ../drivers\libIotLibrary.a(serial.o)
                0x00003580                __vector_55
 .text.fifo_init
                0x00003608       0x38 ../drivers\libIotLibrary.a(fifo.o)
                0x00003608                fifo_init
 .text.avr-libc.fplib
                0x00003640        0xa c:/program files (x86)/atmel/studio/7.0/toolchain/avr8/avr8-gnu-toolchain/bin/../lib/gcc/avr/5.4.0/../../../../avr/lib/avr6\libm.a(addsf3.o)
                0x00003640                __subsf3
                0x00003642                __addsf3
 .text.avr-libc.fplib
                0x0000364a       0xc0 c:/program files (x86)/atmel/studio/7.0/toolchain/avr8/avr8-gnu-toolchain/bin/../lib/gcc/avr/5.4.0/../../../../avr/lib/avr6\libm.a(addsf3x.o)
                0x00003664                __addsf3x
 .text.avr-libc.fplib
                0x0000370a        0x4 c:/program files (x86)/atmel/studio/7.0/toolchain/avr8/avr8-gnu-toolchain/bin/../lib/gcc/avr/5.4.0/../../../../avr/lib/avr6\libm.a(divsf3.o)
                0x0000370a                __divsf3
 .text.avr-libc.fplib
                0x0000370e       0xcc c:/program files (x86)/atmel/studio/7.0/toolchain/avr8/avr8-gnu-toolchain/bin/../lib/gcc/avr/5.4.0/../../../../avr/lib/avr6\libm.a(divsf3x.o)
                0x00003724                __divsf3x
                0x00003728                __divsf3_pse
 .text.avr-libc.fplib
                0x000037da       0x58 c:/program files (x86)/atmel/studio/7.0/toolchain/avr8/avr8-gnu-toolchain/bin/../lib/gcc/avr/5.4.0/../../../../avr/lib/avr6\libm.a(fixunssfsi.o)
                0x000037da                __fixunssfsi
 .text.avr-libc.fplib
                0x00003832        0xc c:/program files (x86)/atmel/studio/7.0/toolchain/avr8/avr8-gnu-toolchain/bin/../lib/gcc/avr/5.4.0/../../../../avr/lib/avr6\libm.a(fp_inf.o)
                0x00003832                __fp_inf
 .text.avr-libc.fplib
                0x0000383e        0x6 c:/program files (x86)/atmel/studio/7.0/toolchain/avr8/avr8-gnu-toolchain/bin/../lib/gcc/avr/5.4.0/../../../../avr/lib/avr6\libm.a(fp_nan.o)
                0x0000383e                __fp_nan
 .text.avr-libc.fplib
                0x00003844        0xe c:/program files (x86)/atmel/studio/7.0/toolchain/avr8/avr8-gnu-toolchain/bin/../lib/gcc/avr/5.4.0/../../../../avr/lib/avr6\libm.a(fp_pscA.o)
                0x00003844                __fp_pscA
 .text.avr-libc.fplib
                0x00003852        0xe c:/program files (x86)/atmel/studio/7.0/toolchain/avr8/avr8-gnu-toolchain/bin/../lib/gcc/avr/5.4.0/../../../../avr/lib/avr6\libm.a(fp_pscB.o)
                0x00003852                __fp_pscB
 .text.avr-libc.fplib
                0x00003860       0x22 c:/program files (x86)/atmel/studio/7.0/toolchain/avr8/avr8-gnu-toolchain/bin/../lib/gcc/avr/5.4.0/../../../../avr/lib/avr6\libm.a(fp_round.o)
                0x00003860                __fp_round
 .text.avr-libc.fplib
                0x00003882       0x44 c:/program files (x86)/atmel/studio/7.0/toolchain/avr8/avr8-gnu-toolchain/bin/../lib/gcc/avr/5.4.0/../../../../avr/lib/avr6\libm.a(fp_split3.o)
                0x00003882                __fp_split3
                0x00003892                __fp_splitA
 .text.avr-libc.fplib
                0x000038c6        0xe c:/program files (x86)/atmel/studio/7.0/toolchain/avr8/avr8-gnu-toolchain/bin/../lib/gcc/avr/5.4.0/../../../../avr/lib/avr6\libm.a(fp_zero.o)
                0x000038c6                __fp_zero
                0x000038c8                __fp_szero
 .text.avr-libc.fplib
                0x000038d4        0x4 c:/program files (x86)/atmel/studio/7.0/toolchain/avr8/avr8-gnu-toolchain/bin/../lib/gcc/avr/5.4.0/../../../../avr/lib/avr6\libm.a(mulsf3.o)
                0x000038d4                __mulsf3
 .text.avr-libc.fplib
                0x000038d8       0xc2 c:/program files (x86)/atmel/studio/7.0/toolchain/avr8/avr8-gnu-toolchain/bin/../lib/gcc/avr/5.4.0/../../../../avr/lib/avr6\libm.a(mulsf3x.o)
                0x000038ec                __mulsf3x
                0x000038f0                __mulsf3_pse
 .text.libgcc.div
                0x0000399a       0x44 c:/program files (x86)/atmel/studio/7.0/toolchain/avr8/avr8-gnu-toolchain/bin/../lib/gcc/avr/5.4.0/avr6\libgcc.a(_udivmodsi4.o)
                0x0000399a                __udivmodsi4
 .text.libgcc   0x000039de       0x10 c:/program files (x86)/atmel/studio/7.0/toolchain/avr8/avr8-gnu-toolchain/bin/../lib/gcc/avr/5.4.0/avr6\libgcc.a(_tablejump2.o)
                0x000039de                __tablejump2__
 .text.libgcc.mul
                0x000039ee       0x1e c:/program files (x86)/atmel/studio/7.0/toolchain/avr8/avr8-gnu-toolchain/bin/../lib/gcc/avr/5.4.0/avr6\libgcc.a(_umulhisi3.o)
                0x000039ee                __umulhisi3
 .text.avr-libc
                0x00003a0c      0x242 c:/program files (x86)/atmel/studio/7.0/toolchain/avr8/avr8-gnu-toolchain/bin/../lib/gcc/avr/5.4.0/../../../../avr/lib/avr6\libc.a(malloc.o)
                0x00003a0c                malloc
                0x00003b3c                free
 .text.avr-libc
                0x00003c4e        0x8 c:/program files (x86)/atmel/studio/7.0/toolchain/avr8/avr8-gnu-toolchain/bin/../lib/gcc/avr/5.4.0/../../../../avr/lib/avr6\libc.a(abort.o)
                0x00003c4e                abort
 .text.avr-libc
                0x00003c56       0x12 c:/program files (x86)/atmel/studio/7.0/toolchain/avr8/avr8-gnu-toolchain/bin/../lib/gcc/avr/5.4.0/../../../../avr/lib/avr6\libc.a(memcpy.o)
                0x00003c56                memcpy
 .text.avr-libc
                0x00003c68        0xe c:/program files (x86)/atmel/studio/7.0/toolchain/avr8/avr8-gnu-toolchain/bin/../lib/gcc/avr/5.4.0/../../../../avr/lib/avr6\libc.a(memset.o)
                0x00003c68                memset
 .text.avr-libc
                0x00003c76       0x26 c:/program files (x86)/atmel/studio/7.0/toolchain/avr8/avr8-gnu-toolchain/bin/../lib/gcc/avr/5.4.0/../../../../avr/lib/avr6\libc.a(printf.o)
                0x00003c76                printf
 .text.avr-libc
                0x00003c9c       0x60 c:/program files (x86)/atmel/studio/7.0/toolchain/avr8/avr8-gnu-toolchain/bin/../lib/gcc/avr/5.4.0/../../../../avr/lib/avr6\libc.a(puts.o)
                0x00003c9c                puts
 .text.avr-libc
                0x00003cfc      0x3fa c:/program files (x86)/atmel/studio/7.0/toolchain/avr8/avr8-gnu-toolchain/bin/../lib/gcc/avr/5.4.0/../../../../avr/lib/avr6\libc.a(vfprintf_std.o)
                0x00003cfc                vfprintf
 .text.avr-libc
                0x000040f6       0x16 c:/program files (x86)/atmel/studio/7.0/toolchain/avr8/avr8-gnu-toolchain/bin/../lib/gcc/avr/5.4.0/../../../../avr/lib/avr6\libc.a(strnlen_P.o)
                0x000040f6                strnlen_P
 .text.avr-libc
                0x0000410c       0x16 c:/program files (x86)/atmel/studio/7.0/toolchain/avr8/avr8-gnu-toolchain/bin/../lib/gcc/avr/5.4.0/../../../../avr/lib/avr6\libc.a(strnlen.o)
                0x0000410c                strnlen
 .text.avr-libc
                0x00004122       0x78 c:/program files (x86)/atmel/studio/7.0/toolchain/avr8/avr8-gnu-toolchain/bin/../lib/gcc/avr/5.4.0/../../../../avr/lib/avr6\libc.a(fputc.o)
                0x00004122                fputc
 .text.avr-libc
                0x0000419a       0xbc c:/program files (x86)/atmel/studio/7.0/toolchain/avr8/avr8-gnu-toolchain/bin/../lib/gcc/avr/5.4.0/../../../../avr/lib/avr6\libc.a(ultoa_invert.o)
                0x0000419a                __ultoa_invert
                0x00004256                . = ALIGN (0x2)
 *(.fini9)
 .fini9         0x00004256        0x0 c:/program files (x86)/atmel/studio/7.0/toolchain/avr8/avr8-gnu-toolchain/bin/../lib/gcc/avr/5.4.0/avr6\libgcc.a(_exit.o)
                0x00004256                _exit
                0x00004256                exit
 *(.fini9)
 *(.fini8)
 *(.fini8)
 *(.fini7)
 *(.fini7)
 *(.fini6)
 *(.fini6)
 *(.fini5)
 *(.fini5)
 *(.fini4)
 *(.fini4)
 *(.fini3)
 *(.fini3)
 *(.fini2)
 *(.fini2)
 *(.fini1)
 *(.fini1)
 *(.fini0)
 .fini0         0x00004256        0x4 c:/program files (x86)/atmel/studio/7.0/toolchain/avr8/avr8-gnu-toolchain/bin/../lib/gcc/avr/5.4.0/avr6\libgcc.a(_exit.o)
 *(.fini0)
                0x0000425a                _etext = .

.data           0x00800200       0xca load address 0x0000425a
                0x00800200                PROVIDE (__data_start, .)
 *(.data)
 .data          0x00800200        0x6 c:/program files (x86)/atmel/studio/7.0/toolchain/avr8/avr8-gnu-toolchain/bin/../lib/gcc/avr/5.4.0/../../../../avr/lib/avr6\libc.a(malloc.o)
                0x00800200                __malloc_heap_end
                0x00800202                __malloc_heap_start
                0x00800204                __malloc_margin
 *(.data*)
 .data.uxTopUsedPriority
                0x00800206        0x1 FreeRTOS/src/tasks.o
                0x00800206                uxTopUsedPriority
 .data.mystdout.1882
                0x00800207        0xe ../drivers\libIotLibrary.a(stdio_driver.o)
 .data._com_port_2_udr
                0x00800215        0x8 ../drivers\libIotLibrary.a(serial.o)
                0x00800215                _com_port_2_udr
 *(.gnu.linkonce.d*)
 *(.rodata)
 *(.rodata*)
 .rodata.str1.1
                0x0080021d       0x79 application.o
 .rodata.str1.1
                0x00800296        0x5 FreeRTOS/src/tasks.o
 .rodata.str1.1
                0x0080029b        0x8 FreeRTOS/src/timers.o
 .rodata.str1.1
                0x008002a3       0x1f main.o
 .rodata.str1.1
                0x008002c2        0x8 ../drivers\libIotLibrary.a(status_leds.o)
 *(.gnu.linkonce.r*)
                0x008002ca                . = ALIGN (0x2)
                0x008002ca                _edata = .
                0x008002ca                PROVIDE (__data_end, .)

.bss            0x008002ca      0xed5
                0x008002ca                PROVIDE (__bss_start, .)
 *(.bss)
 *(.bss*)
 .bss.backMeasuredDistance
                0x008002ca        0x2 application.o
                0x008002ca                backMeasuredDistance
 .bss.frontMeasuredDistance
                0x008002cc        0x2 application.o
                0x008002cc                frontMeasuredDistance
 .bss.xBlockAllocatedBit
                0x008002ce        0x2 FreeRTOS/src/heap_4.o
 .bss.xNumberOfSuccessfulFrees
                0x008002d0        0x2 FreeRTOS/src/heap_4.o
 .bss.xNumberOfSuccessfulAllocations
                0x008002d2        0x2 FreeRTOS/src/heap_4.o
 .bss.xMinimumEverFreeBytesRemaining
                0x008002d4        0x2 FreeRTOS/src/heap_4.o
 .bss.xFreeBytesRemaining
                0x008002d6        0x2 FreeRTOS/src/heap_4.o
 .bss.pxEnd     0x008002d8        0x2 FreeRTOS/src/heap_4.o
 .bss.xStart    0x008002da        0x4 FreeRTOS/src/heap_4.o
 .bss.ucHeap    0x008002de      0xdac FreeRTOS/src/heap_4.o
 .bss.uxSchedulerSuspended
                0x0080108a        0x1 FreeRTOS/src/tasks.o
 .bss.xIdleTaskHandle
                0x0080108b        0x2 FreeRTOS/src/tasks.o
 .bss.xNextTaskUnblockTime
                0x0080108d        0x4 FreeRTOS/src/tasks.o
 .bss.uxTaskNumber
                0x00801091        0x1 FreeRTOS/src/tasks.o
 .bss.xNumOfOverflows
                0x00801092        0x1 FreeRTOS/src/tasks.o
 .bss.xYieldPending
                0x00801093        0x1 FreeRTOS/src/tasks.o
 .bss.xPendedTicks
                0x00801094        0x4 FreeRTOS/src/tasks.o
 .bss.xSchedulerRunning
                0x00801098        0x1 FreeRTOS/src/tasks.o
 .bss.uxTopReadyPriority
                0x00801099        0x1 FreeRTOS/src/tasks.o
 .bss.xTickCount
                0x0080109a        0x4 FreeRTOS/src/tasks.o
 .bss.uxCurrentNumberOfTasks
                0x0080109e        0x1 FreeRTOS/src/tasks.o
 .bss.xSuspendedTaskList
                0x0080109f        0xb FreeRTOS/src/tasks.o
 .bss.uxDeletedTasksWaitingCleanUp
                0x008010aa        0x1 FreeRTOS/src/tasks.o
 .bss.xTasksWaitingTermination
                0x008010ab        0xb FreeRTOS/src/tasks.o
 .bss.xPendingReadyList
                0x008010b6        0xb FreeRTOS/src/tasks.o
 .bss.pxOverflowDelayedTaskList
                0x008010c1        0x2 FreeRTOS/src/tasks.o
 .bss.pxDelayedTaskList
                0x008010c3        0x2 FreeRTOS/src/tasks.o
 .bss.xDelayedTaskList2
                0x008010c5        0xb FreeRTOS/src/tasks.o
 .bss.xDelayedTaskList1
                0x008010d0        0xb FreeRTOS/src/tasks.o
 .bss.pxReadyTasksLists
                0x008010db       0x6e FreeRTOS/src/tasks.o
 .bss.pxCurrentTCB
                0x00801149        0x2 FreeRTOS/src/tasks.o
                0x00801149                pxCurrentTCB
 .bss.xLastTime.2448
                0x0080114b        0x4 FreeRTOS/src/timers.o
 .bss.xTimerTaskHandle
                0x0080114f        0x2 FreeRTOS/src/timers.o
 .bss.xTimerQueue
                0x00801151        0x2 FreeRTOS/src/timers.o
 .bss.pxOverflowTimerList
                0x00801153        0x2 FreeRTOS/src/timers.o
 .bss.pxCurrentTimerList
                0x00801155        0x2 FreeRTOS/src/timers.o
 .bss.xActiveTimerList2
                0x00801157        0xb FreeRTOS/src/timers.o
 .bss.xActiveTimerList1
                0x00801162        0xb FreeRTOS/src/timers.o
 .bss._com_serial_instance
                0x0080116d        0x2 ../drivers\libIotLibrary.a(stdio_driver.o)
 .bss._led_status
                0x0080116f       0x18 ../drivers\libIotLibrary.a(status_leds.o)
 .bss._ser_handle
                0x00801187        0x8 ../drivers\libIotLibrary.a(serial.o)
 *(COMMON)
 COMMON         0x0080118f        0x6 application.o
                0x0080118f                xBackDistanceSemaphore
                0x00801191                xObstacleEventGroup
                0x00801193                xFrontDistanceSemaphore
 COMMON         0x00801195        0x4 c:/program files (x86)/atmel/studio/7.0/toolchain/avr8/avr8-gnu-toolchain/bin/../lib/gcc/avr/5.4.0/../../../../avr/lib/avr6\libc.a(malloc.o)
                0x00801195                __brkval
                0x00801197                __flp
 COMMON         0x00801199        0x6 c:/program files (x86)/atmel/studio/7.0/toolchain/avr8/avr8-gnu-toolchain/bin/../lib/gcc/avr/5.4.0/../../../../avr/lib/avr6\libc.a(iob.o)
                0x00801199                __iob
                0x0080119f                PROVIDE (__bss_end, .)
                0x0000425a                __data_load_start = LOADADDR (.data)
                0x00004324                __data_load_end = (__data_load_start + SIZEOF (.data))

.noinit         0x0080119f        0x0
                [!provide]                PROVIDE (__noinit_start, .)
 *(.noinit*)
                [!provide]                PROVIDE (__noinit_end, .)
                0x0080119f                _end = .
                0x0080119f                PROVIDE (__heap_start, .)

.eeprom         0x00810000        0x0
 *(.eeprom*)
                0x00810000                __eeprom_end = .

.fuse
 *(.fuse)
 *(.lfuse)
 *(.hfuse)
 *(.efuse)

.lock
 *(.lock*)

.signature
 *(.signature*)

.user_signatures
 *(.user_signatures*)

.stab
 *(.stab)

.stabstr
 *(.stabstr)

.stab.excl
 *(.stab.excl)

.stab.exclstr
 *(.stab.exclstr)

.stab.index
 *(.stab.index)

.stab.indexstr
 *(.stab.indexstr)

.comment        0x00000000       0x5c
 *(.comment)
 .comment       0x00000000       0x30 application.o
                                 0x31 (size before relaxing)
 .comment       0x00000030       0x31 drivers/hc_sr04.o
 .comment       0x00000030       0x31 FreeRTOS/FreeRTOSTraceDriver/FreeRTOSTraceDriver.o
 .comment       0x00000030       0x31 FreeRTOS/src/event_groups.o
 .comment       0x00000030       0x31 FreeRTOS/src/heap_4.o
 .comment       0x00000030       0x31 FreeRTOS/src/list.o
 .comment       0x00000030       0x31 FreeRTOS/src/port.o
 .comment       0x00000030       0x31 FreeRTOS/src/queue.o
 .comment       0x00000030       0x31 FreeRTOS/src/tasks.o
 .comment       0x00000030       0x31 FreeRTOS/src/timers.o
 .comment       0x00000030       0x31 FreeRTOS/src/variantHooks.o
 .comment       0x00000030       0x31 main.o
 .comment       0x00000030       0x31 ../drivers\libIotLibrary.a(stdio_driver.o)
 .comment       0x00000030       0x31 ../drivers\libIotLibrary.a(status_leds.o)
 .comment       0x00000030       0x31 ../drivers\libIotLibrary.a(serial.o)
 .comment       0x00000030       0x31 ../drivers\libIotLibrary.a(fifo.o)
 .comment       0x00000030       0x31 c:/program files (x86)/atmel/studio/7.0/toolchain/avr8/avr8-gnu-toolchain/bin/../lib/gcc/avr/5.4.0/../../../../avr/lib/avr6\libc.a(malloc.o)
 .comment       0x00000030       0x31 c:/program files (x86)/atmel/studio/7.0/toolchain/avr8/avr8-gnu-toolchain/bin/../lib/gcc/avr/5.4.0/../../../../avr/lib/avr6\libc.a(iob.o)
 .comment       0x00000030       0x31 c:/program files (x86)/atmel/studio/7.0/toolchain/avr8/avr8-gnu-toolchain/bin/../lib/gcc/avr/5.4.0/../../../../avr/lib/avr6\libc.a(printf.o)
 .comment       0x00000030       0x31 c:/program files (x86)/atmel/studio/7.0/toolchain/avr8/avr8-gnu-toolchain/bin/../lib/gcc/avr/5.4.0/../../../../avr/lib/avr6\libc.a(puts.o)
 .comment       0x00000030       0x2c c:/program files (x86)/atmel/studio/7.0/toolchain/avr8/avr8-gnu-toolchain/bin/../lib/gcc/avr/5.4.0/../../../../avr/lib/avr6\libc.a(vfprintf_std.o)
                                 0x2d (size before relaxing)
 .comment       0x0000005c       0x31 c:/program files (x86)/atmel/studio/7.0/toolchain/avr8/avr8-gnu-toolchain/bin/../lib/gcc/avr/5.4.0/../../../../avr/lib/avr6\libc.a(fputc.o)

.note.gnu.avr.deviceinfo
                0x00000000       0x40
 .note.gnu.avr.deviceinfo
                0x00000000       0x40 C:/Program Files (x86)/Atmel/Studio/7.0/Packs/atmel/ATmega_DFP/1.7.374/gcc/dev/atmega2560/avr6/crtatmega2560.o

.note.gnu.build-id
 *(.note.gnu.build-id)

.debug
 *(.debug)

.line
 *(.line)

.debug_srcinfo
 *(.debug_srcinfo)

.debug_sfnames
 *(.debug_sfnames)

.debug_aranges  0x00000000      0x768
 *(.debug_aranges)
 .debug_aranges
                0x00000000       0x50 application.o
 .debug_aranges
                0x00000050       0x28 drivers/hc_sr04.o
 .debug_aranges
                0x00000078       0x30 FreeRTOS/FreeRTOSTraceDriver/FreeRTOSTraceDriver.o
 .debug_aranges
                0x000000a8       0x68 FreeRTOS/src/event_groups.o
 .debug_aranges
                0x00000110       0x58 FreeRTOS/src/heap_4.o
 .debug_aranges
                0x00000168       0x40 FreeRTOS/src/list.o
 .debug_aranges
                0x000001a8       0x58 FreeRTOS/src/port.o
 .debug_aranges
                0x00000200       0xf8 FreeRTOS/src/queue.o
 .debug_aranges
                0x000002f8      0x1f0 FreeRTOS/src/tasks.o
 .debug_aranges
                0x000004e8       0xc8 FreeRTOS/src/timers.o
 .debug_aranges
                0x000005b0       0x40 FreeRTOS/src/variantHooks.o
 .debug_aranges
                0x000005f0       0x28 main.o
 .debug_aranges
                0x00000618       0x38 ../drivers\libIotLibrary.a(stdio_driver.o)
 .debug_aranges
                0x00000650       0x68 ../drivers\libIotLibrary.a(status_leds.o)
 .debug_aranges
                0x000006b8       0x90 ../drivers\libIotLibrary.a(serial.o)
 .debug_aranges
                0x00000748       0x20 ../drivers\libIotLibrary.a(fifo.o)

.debug_pubnames
 *(.debug_pubnames)

.debug_info     0x00000000     0x93af
 *(.debug_info .gnu.linkonce.wi.*)
 .debug_info    0x00000000      0xbbc C:/Program Files (x86)/Atmel/Studio/7.0/Packs/atmel/ATmega_DFP/1.7.374/gcc/dev/atmega2560/avr6/crtatmega2560.o
 .debug_info    0x00000bbc      0x836 application.o
 .debug_info    0x000013f2      0x1c1 drivers/hc_sr04.o
 .debug_info    0x000015b3       0xd3 FreeRTOS/FreeRTOSTraceDriver/FreeRTOSTraceDriver.o
 .debug_info    0x00001686      0x971 FreeRTOS/src/event_groups.o
 .debug_info    0x00001ff7      0x4e6 FreeRTOS/src/heap_4.o
 .debug_info    0x000024dd      0x2e7 FreeRTOS/src/list.o
 .debug_info    0x000027c4      0x2ff FreeRTOS/src/port.o
 .debug_info    0x00002ac3     0x17e6 FreeRTOS/src/queue.o
 .debug_info    0x000042a9     0x2412 FreeRTOS/src/tasks.o
 .debug_info    0x000066bb     0x10dd FreeRTOS/src/timers.o
 .debug_info    0x00007798      0x20f FreeRTOS/src/variantHooks.o
 .debug_info    0x000079a7      0x1d1 main.o
 .debug_info    0x00007b78      0x3b6 ../drivers\libIotLibrary.a(stdio_driver.o)
 .debug_info    0x00007f2e      0x522 ../drivers\libIotLibrary.a(status_leds.o)
 .debug_info    0x00008450      0xd9c ../drivers\libIotLibrary.a(serial.o)
 .debug_info    0x000091ec      0x1c3 ../drivers\libIotLibrary.a(fifo.o)

.debug_abbrev   0x00000000     0x2626
 *(.debug_abbrev)
 .debug_abbrev  0x00000000      0xb1a C:/Program Files (x86)/Atmel/Studio/7.0/Packs/atmel/ATmega_DFP/1.7.374/gcc/dev/atmega2560/avr6/crtatmega2560.o
 .debug_abbrev  0x00000b1a      0x19e application.o
 .debug_abbrev  0x00000cb8      0x10f drivers/hc_sr04.o
 .debug_abbrev  0x00000dc7       0x92 FreeRTOS/FreeRTOSTraceDriver/FreeRTOSTraceDriver.o
 .debug_abbrev  0x00000e59      0x1dc FreeRTOS/src/event_groups.o
 .debug_abbrev  0x00001035      0x200 FreeRTOS/src/heap_4.o
 .debug_abbrev  0x00001235       0xff FreeRTOS/src/list.o
 .debug_abbrev  0x00001334      0x179 FreeRTOS/src/port.o
 .debug_abbrev  0x000014ad      0x241 FreeRTOS/src/queue.o
 .debug_abbrev  0x000016ee      0x2dc FreeRTOS/src/tasks.o
 .debug_abbrev  0x000019ca      0x28c FreeRTOS/src/timers.o
 .debug_abbrev  0x00001c56       0xff FreeRTOS/src/variantHooks.o
 .debug_abbrev  0x00001d55      0x10a main.o
 .debug_abbrev  0x00001e5f      0x1b3 ../drivers\libIotLibrary.a(stdio_driver.o)
 .debug_abbrev  0x00002012      0x1d7 ../drivers\libIotLibrary.a(status_leds.o)
 .debug_abbrev  0x000021e9      0x355 ../drivers\libIotLibrary.a(serial.o)
 .debug_abbrev  0x0000253e       0xe8 ../drivers\libIotLibrary.a(fifo.o)

.debug_line     0x00000000     0x4c8c
 *(.debug_line .debug_line.* .debug_line_end)
 .debug_line    0x00000000      0x1fa C:/Program Files (x86)/Atmel/Studio/7.0/Packs/atmel/ATmega_DFP/1.7.374/gcc/dev/atmega2560/avr6/crtatmega2560.o
 .debug_line    0x000001fa      0x2fc application.o
 .debug_line    0x000004f6      0x1f5 drivers/hc_sr04.o
 .debug_line    0x000006eb       0xfd FreeRTOS/FreeRTOSTraceDriver/FreeRTOSTraceDriver.o
 .debug_line    0x000007e8      0x413 FreeRTOS/src/event_groups.o
 .debug_line    0x00000bfb      0x41f FreeRTOS/src/heap_4.o
 .debug_line    0x0000101a      0x1db FreeRTOS/src/list.o
 .debug_line    0x000011f5      0x28a FreeRTOS/src/port.o
 .debug_line    0x0000147f      0xbe3 FreeRTOS/src/queue.o
 .debug_line    0x00002062     0x16c7 FreeRTOS/src/tasks.o
 .debug_line    0x00003729      0x624 FreeRTOS/src/timers.o
 .debug_line    0x00003d4d      0x1af FreeRTOS/src/variantHooks.o
 .debug_line    0x00003efc      0x162 main.o
 .debug_line    0x0000405e      0x146 ../drivers\libIotLibrary.a(stdio_driver.o)
 .debug_line    0x000041a4      0x32c ../drivers\libIotLibrary.a(status_leds.o)
 .debug_line    0x000044d0      0x6a1 ../drivers\libIotLibrary.a(serial.o)
 .debug_line    0x00004b71      0x11b ../drivers\libIotLibrary.a(fifo.o)

.debug_frame    0x00000000     0x1a24
 *(.debug_frame)
 .debug_frame   0x00000000       0xac application.o
 .debug_frame   0x000000ac       0x48 drivers/hc_sr04.o
 .debug_frame   0x000000f4       0x44 FreeRTOS/FreeRTOSTraceDriver/FreeRTOSTraceDriver.o
 .debug_frame   0x00000138      0x1dc FreeRTOS/src/event_groups.o
 .debug_frame   0x00000314       0xfc FreeRTOS/src/heap_4.o
 .debug_frame   0x00000410       0x90 FreeRTOS/src/list.o
 .debug_frame   0x000004a0       0x94 FreeRTOS/src/port.o
 .debug_frame   0x00000534      0x3a4 FreeRTOS/src/queue.o
 .debug_frame   0x000008d8      0x7e0 FreeRTOS/src/tasks.o
 .debug_frame   0x000010b8      0x3ac FreeRTOS/src/timers.o
 .debug_frame   0x00001464       0x64 FreeRTOS/src/variantHooks.o
 .debug_frame   0x000014c8       0x34 main.o
 .debug_frame   0x000014fc       0x94 ../drivers\libIotLibrary.a(stdio_driver.o)
 .debug_frame   0x00001590       0xec ../drivers\libIotLibrary.a(status_leds.o)
 .debug_frame   0x0000167c      0x384 ../drivers\libIotLibrary.a(serial.o)
 .debug_frame   0x00001a00       0x24 ../drivers\libIotLibrary.a(fifo.o)

.debug_str      0x00000000     0x2d67
 *(.debug_str)
 .debug_str     0x00000000      0x3e6 C:/Program Files (x86)/Atmel/Studio/7.0/Packs/atmel/ATmega_DFP/1.7.374/gcc/dev/atmega2560/avr6/crtatmega2560.o
 .debug_str     0x000003e6      0x3d0 application.o
                                0x41b (size before relaxing)
 .debug_str     0x000007b6       0x8f drivers/hc_sr04.o
                                0x216 (size before relaxing)
 .debug_str     0x00000845       0x68 FreeRTOS/FreeRTOSTraceDriver/FreeRTOSTraceDriver.o
                                0x1ba (size before relaxing)
 .debug_str     0x000008ad      0x389 FreeRTOS/src/event_groups.o
                                0x58d (size before relaxing)
 .debug_str     0x00000c36      0x2ce FreeRTOS/src/heap_4.o
                                0x483 (size before relaxing)
 .debug_str     0x00000f04       0x89 FreeRTOS/src/list.o
                                0x2bf (size before relaxing)
 .debug_str     0x00000f8d      0x14d FreeRTOS/src/port.o
                                0x2f4 (size before relaxing)
 .debug_str     0x000010da      0x601 FreeRTOS/src/queue.o
                                0x933 (size before relaxing)
 .debug_str     0x000016db      0x9eb FreeRTOS/src/tasks.o
                               0x1025 (size before relaxing)
 .debug_str     0x000020c6      0x414 FreeRTOS/src/timers.o
                                0x82a (size before relaxing)
 .debug_str     0x000024da       0x4e FreeRTOS/src/variantHooks.o
                                0x26b (size before relaxing)
 .debug_str     0x00002528       0x85 main.o
                                0x233 (size before relaxing)
 .debug_str     0x000025ad      0x2ed ../drivers\libIotLibrary.a(stdio_driver.o)
                                0x37d (size before relaxing)
 .debug_str     0x0000289a      0x1a5 ../drivers\libIotLibrary.a(status_leds.o)
                                0x381 (size before relaxing)
 .debug_str     0x00002a3f      0x306 ../drivers\libIotLibrary.a(serial.o)
                                0x628 (size before relaxing)
 .debug_str     0x00002d45       0x22 ../drivers\libIotLibrary.a(fifo.o)
                                0x239 (size before relaxing)

.debug_loc      0x00000000     0x86f5
 *(.debug_loc)
 .debug_loc     0x00000000      0x272 application.o
 .debug_loc     0x00000272      0x16d drivers/hc_sr04.o
 .debug_loc     0x000003df       0x42 FreeRTOS/FreeRTOSTraceDriver/FreeRTOSTraceDriver.o
 .debug_loc     0x00000421      0xcc9 FreeRTOS/src/event_groups.o
 .debug_loc     0x000010ea      0x4be FreeRTOS/src/heap_4.o
 .debug_loc     0x000015a8      0x17d FreeRTOS/src/list.o
 .debug_loc     0x00001725       0xf6 FreeRTOS/src/port.o
 .debug_loc     0x0000181b     0x1abd FreeRTOS/src/queue.o
 .debug_loc     0x000032d8     0x2b86 FreeRTOS/src/tasks.o
 .debug_loc     0x00005e5e     0x10f3 FreeRTOS/src/timers.o
 .debug_loc     0x00006f51       0xdc FreeRTOS/src/variantHooks.o
 .debug_loc     0x0000702d      0x18c ../drivers\libIotLibrary.a(stdio_driver.o)
 .debug_loc     0x000071b9      0x292 ../drivers\libIotLibrary.a(status_leds.o)
 .debug_loc     0x0000744b     0x114c ../drivers\libIotLibrary.a(serial.o)
 .debug_loc     0x00008597      0x15e ../drivers\libIotLibrary.a(fifo.o)

.debug_macinfo
 *(.debug_macinfo)

.debug_weaknames
 *(.debug_weaknames)

.debug_funcnames
 *(.debug_funcnames)

.debug_typenames
 *(.debug_typenames)

.debug_varnames
 *(.debug_varnames)

.debug_pubtypes
 *(.debug_pubtypes)

.debug_ranges   0x00000000      0x720
 *(.debug_ranges)
 .debug_ranges  0x00000000       0x40 application.o
 .debug_ranges  0x00000040       0x18 drivers/hc_sr04.o
 .debug_ranges  0x00000058       0x20 FreeRTOS/FreeRTOSTraceDriver/FreeRTOSTraceDriver.o
 .debug_ranges  0x00000078       0x70 FreeRTOS/src/event_groups.o
 .debug_ranges  0x000000e8       0x48 FreeRTOS/src/heap_4.o
 .debug_ranges  0x00000130       0x30 FreeRTOS/src/list.o
 .debug_ranges  0x00000160       0x48 FreeRTOS/src/port.o
 .debug_ranges  0x000001a8      0x130 FreeRTOS/src/queue.o
 .debug_ranges  0x000002d8      0x220 FreeRTOS/src/tasks.o
 .debug_ranges  0x000004f8       0xb8 FreeRTOS/src/timers.o
 .debug_ranges  0x000005b0       0x30 FreeRTOS/src/variantHooks.o
 .debug_ranges  0x000005e0       0x18 main.o
 .debug_ranges  0x000005f8       0x28 ../drivers\libIotLibrary.a(stdio_driver.o)
 .debug_ranges  0x00000620       0x58 ../drivers\libIotLibrary.a(status_leds.o)
 .debug_ranges  0x00000678       0x98 ../drivers\libIotLibrary.a(serial.o)
 .debug_ranges  0x00000710       0x10 ../drivers\libIotLibrary.a(fifo.o)

.debug_macro
 *(.debug_macro)
OUTPUT(RTP_Project.elf elf32-avr)
LOAD linker stubs
