Archive member included to satisfy reference by file (symbol)

c:/program files (x86)/atmel/studio/7.0/toolchain/avr8/avr8-gnu-toolchain/bin/../lib/gcc/avr/5.4.0/../../../../avr/lib/avr6\libm.a(floatsisf.o)
                              drivers/hc_sr04.o (__floatunsisf)
c:/program files (x86)/atmel/studio/7.0/toolchain/avr8/avr8-gnu-toolchain/bin/../lib/gcc/avr/5.4.0/../../../../avr/lib/avr6\libm.a(gesf2.o)
                              drivers/hc_sr04.o (__gesf2)
c:/program files (x86)/atmel/studio/7.0/toolchain/avr8/avr8-gnu-toolchain/bin/../lib/gcc/avr/5.4.0/../../../../avr/lib/avr6\libm.a(fp_cmp.o)
                              c:/program files (x86)/atmel/studio/7.0/toolchain/avr8/avr8-gnu-toolchain/bin/../lib/gcc/avr/5.4.0/../../../../avr/lib/avr6\libm.a(gesf2.o) (__fp_cmp)
../drivers\libIotLibrary.a(stdio_driver.o)
                              main.o (stdio_initialise)
../drivers\libIotLibrary.a(status_leds.o)
                              main.o (status_leds_initialise)
../drivers\libIotLibrary.a(serial.o)
                              ../drivers\libIotLibrary.a(stdio_driver.o) (serial_create)
../drivers\libIotLibrary.a(fifo.o)
                              ../drivers\libIotLibrary.a(serial.o) (fifo_init)
c:/program files (x86)/atmel/studio/7.0/toolchain/avr8/avr8-gnu-toolchain/bin/../lib/gcc/avr/5.4.0/../../../../avr/lib/avr6\libm.a(addsf3.o)
                              ../drivers\libIotLibrary.a(serial.o) (__subsf3)
c:/program files (x86)/atmel/studio/7.0/toolchain/avr8/avr8-gnu-toolchain/bin/../lib/gcc/avr/5.4.0/../../../../avr/lib/avr6\libm.a(addsf3x.o)
                              c:/program files (x86)/atmel/studio/7.0/toolchain/avr8/avr8-gnu-toolchain/bin/../lib/gcc/avr/5.4.0/../../../../avr/lib/avr6\libm.a(addsf3.o) (__addsf3x)
c:/program files (x86)/atmel/studio/7.0/toolchain/avr8/avr8-gnu-toolchain/bin/../lib/gcc/avr/5.4.0/../../../../avr/lib/avr6\libm.a(divsf3.o)
                              ../drivers\libIotLibrary.a(serial.o) (__divsf3)
c:/program files (x86)/atmel/studio/7.0/toolchain/avr8/avr8-gnu-toolchain/bin/../lib/gcc/avr/5.4.0/../../../../avr/lib/avr6\libm.a(divsf3x.o)
                              c:/program files (x86)/atmel/studio/7.0/toolchain/avr8/avr8-gnu-toolchain/bin/../lib/gcc/avr/5.4.0/../../../../avr/lib/avr6\libm.a(divsf3.o) (__divsf3x)
c:/program files (x86)/atmel/studio/7.0/toolchain/avr8/avr8-gnu-toolchain/bin/../lib/gcc/avr/5.4.0/../../../../avr/lib/avr6\libm.a(fixunssfsi.o)
                              ../drivers\libIotLibrary.a(serial.o) (__fixunssfsi)
c:/program files (x86)/atmel/studio/7.0/toolchain/avr8/avr8-gnu-toolchain/bin/../lib/gcc/avr/5.4.0/../../../../avr/lib/avr6\libm.a(fp_inf.o)
                              c:/program files (x86)/atmel/studio/7.0/toolchain/avr8/avr8-gnu-toolchain/bin/../lib/gcc/avr/5.4.0/../../../../avr/lib/avr6\libm.a(addsf3x.o) (__fp_inf)
c:/program files (x86)/atmel/studio/7.0/toolchain/avr8/avr8-gnu-toolchain/bin/../lib/gcc/avr/5.4.0/../../../../avr/lib/avr6\libm.a(fp_nan.o)
                              c:/program files (x86)/atmel/studio/7.0/toolchain/avr8/avr8-gnu-toolchain/bin/../lib/gcc/avr/5.4.0/../../../../avr/lib/avr6\libm.a(addsf3x.o) (__fp_nan)
c:/program files (x86)/atmel/studio/7.0/toolchain/avr8/avr8-gnu-toolchain/bin/../lib/gcc/avr/5.4.0/../../../../avr/lib/avr6\libm.a(fp_pscA.o)
                              c:/program files (x86)/atmel/studio/7.0/toolchain/avr8/avr8-gnu-toolchain/bin/../lib/gcc/avr/5.4.0/../../../../avr/lib/avr6\libm.a(addsf3x.o) (__fp_pscA)
c:/program files (x86)/atmel/studio/7.0/toolchain/avr8/avr8-gnu-toolchain/bin/../lib/gcc/avr/5.4.0/../../../../avr/lib/avr6\libm.a(fp_pscB.o)
                              c:/program files (x86)/atmel/studio/7.0/toolchain/avr8/avr8-gnu-toolchain/bin/../lib/gcc/avr/5.4.0/../../../../avr/lib/avr6\libm.a(addsf3x.o) (__fp_pscB)
c:/program files (x86)/atmel/studio/7.0/toolchain/avr8/avr8-gnu-toolchain/bin/../lib/gcc/avr/5.4.0/../../../../avr/lib/avr6\libm.a(fp_round.o)
                              c:/program files (x86)/atmel/studio/7.0/toolchain/avr8/avr8-gnu-toolchain/bin/../lib/gcc/avr/5.4.0/../../../../avr/lib/avr6\libm.a(addsf3.o) (__fp_round)
c:/program files (x86)/atmel/studio/7.0/toolchain/avr8/avr8-gnu-toolchain/bin/../lib/gcc/avr/5.4.0/../../../../avr/lib/avr6\libm.a(fp_split3.o)
                              c:/program files (x86)/atmel/studio/7.0/toolchain/avr8/avr8-gnu-toolchain/bin/../lib/gcc/avr/5.4.0/../../../../avr/lib/avr6\libm.a(addsf3x.o) (__fp_split3)
c:/program files (x86)/atmel/studio/7.0/toolchain/avr8/avr8-gnu-toolchain/bin/../lib/gcc/avr/5.4.0/../../../../avr/lib/avr6\libm.a(fp_zero.o)
                              c:/program files (x86)/atmel/studio/7.0/toolchain/avr8/avr8-gnu-toolchain/bin/../lib/gcc/avr/5.4.0/../../../../avr/lib/avr6\libm.a(addsf3x.o) (__fp_zero)
c:/program files (x86)/atmel/studio/7.0/toolchain/avr8/avr8-gnu-toolchain/bin/../lib/gcc/avr/5.4.0/../../../../avr/lib/avr6\libm.a(mulsf3.o)
[...]
Memory Configuration

Name             Origin             Length             Attributes
text             0x00000000         0x00040000         xr
data             0x00800200         0x00002000         rw !x
eeprom           0x00810000         0x00001000         rw !x
fuse             0x00820000         0x00000003         rw !x
lock             0x00830000         0x00000400         rw !x
signature        0x00840000         0x00000400         rw !x
user_signatures  0x00850000         0x00000400         rw !x
*default*        0x00000000         0xffffffff

Linker script and memory map

Address of section .data set to 0x800200
LOAD C:/Program Files (x86)/Atmel/Studio/7.0/Packs/atmel/ATmega_DFP/1.7.374/gcc/dev/atmega2560/avr6/crtatmega2560.o
LOAD actionController.o
LOAD application.o
LOAD drivers/hc_sr04.o
LOAD FreeRTOS/FreeRTOSTraceDriver/FreeRTOSTraceDriver.o
LOAD FreeRTOS/src/croutine.o
LOAD FreeRTOS/src/event_groups.o
LOAD FreeRTOS/src/heap_4.o
LOAD FreeRTOS/src/list.o
LOAD FreeRTOS/src/port.o
LOAD FreeRTOS/src/queue.o
LOAD FreeRTOS/src/stream_buffer.o
LOAD FreeRTOS/src/tasks.o
LOAD FreeRTOS/src/timers.o
LOAD FreeRTOS/src/variantHooks.o
LOAD main.o
START GROUP
LOAD c:/program files (x86)/atmel/studio/7.0/toolchain/avr8/avr8-gnu-toolchain/bin/../lib/gcc/avr/5.4.0/../../../../avr/lib/avr6\libm.a
LOAD ../drivers\libIotLibrary.a
END GROUP
START GROUP
LOAD c:/program files (x86)/atmel/studio/7.0/toolchain/avr8/avr8-gnu-toolchain/bin/../lib/gcc/avr/5.4.0/avr6\libgcc.a
LOAD c:/program files (x86)/atmel/studio/7.0/toolchain/avr8/avr8-gnu-toolchain/bin/../lib/gcc/avr/5.4.0/../../../../avr/lib/avr6\libm.a
LOAD c:/program files (x86)/atmel/studio/7.0/toolchain/avr8/avr8-gnu-toolchain/bin/../lib/gcc/avr/5.4.0/../../../../avr/lib/avr6\libc.a
LOAD C:/Program Files (x86)/Atmel/Studio/7.0/Packs/atmel/ATmega_DFP/1.7.374/gcc/dev/atmega2560/avr6\libatmega2560.a
END GROUP
                0x00000000                __TEXT_REGION_ORIGIN__ = DEFINED (__TEXT_REGION_ORIGIN__)?__TEXT_REGION_ORIGIN__:0x0
                [0x00800200]                __DATA_REGION_ORIGIN__ = DEFINED (__DATA_REGION_ORIGIN__)?__DATA_REGION_ORIGIN__:0x800200
                [0x00040000]                __TEXT_REGION_LENGTH__ = DEFINED (__TEXT_REGION_LENGTH__)?__TEXT_REGION_LENGTH__:0x100000
                [0x00002000]                __DATA_REGION_LENGTH__ = DEFINED (__DATA_REGION_LENGTH__)?__DATA_REGION_LENGTH__:0xfe00
                [0x00001000]                __EEPROM_REGION_LENGTH__ = DEFINED (__EEPROM_REGION_LENGTH__)?__EEPROM_REGION_LENGTH__:0x10000
                [0x00000003]                __FUSE_REGION_LENGTH__ = DEFINED (__FUSE_REGION_LENGTH__)?__FUSE_REGION_LENGTH__:0x400
                0x00000400                __LOCK_REGION_LENGTH__ = DEFINED (__LOCK_REGION_LENGTH__)?__LOCK_REGION_LENGTH__:0x400
                0x00000400                __SIGNATURE_REGION_LENGTH__ = DEFINED (__SIGNATURE_REGION_LENGTH__)?__SIGNATURE_REGION_LENGTH__:0x400
                0x00000400                __USER_SIGNATURE_REGION_LENGTH__ = DEFINED (__USER_SIGNATURE_REGION_LENGTH__)?__USER_SIGNATURE_REGION_LENGTH__:0x400

.hash
 *(.hash)

.dynsym
 *(.dynsym)

.dynstr
 *(.dynstr)

.gnu.version
 *(.gnu.version)

.gnu.version_d
 *(.gnu.version_d)

.gnu.version_r
 *(.gnu.version_r)

.rel.init
 *(.rel.init)

.rela.init
 *(.rela.init)

.rel.text
 *(.rel.text)
 *(.rel.text.*)
 *(.rel.gnu.linkonce.t*)

.rela.text
 *(.rela.text)
 *(.rela.text.*)
 *(.rela.gnu.linkonce.t*)

.rel.fini
 *(.rel.fini)

.rela.fini
 *(.rela.fini)

.rel.rodata
 *(.rel.rodata)
 *(.rel.rodata.*)
 *(.rel.gnu.linkonce.r*)

.rela.rodata
 *(.rela.rodata)
 *(.rela.rodata.*)
 *(.rela.gnu.linkonce.r*)

.rel.data
 *(.rel.data)
 *(.rel.data.*)
 *(.rel.gnu.linkonce.d*)

.rela.data
 *(.rela.data)
 *(.rela.data.*)
 *(.rela.gnu.linkonce.d*)

.rel.ctors
 *(.rel.ctors)

.rela.ctors
 *(.rela.ctors)

.rel.dtors
 *(.rel.dtors)

.rela.dtors
 *(.rela.dtors)

.rel.got
 *(.rel.got)

.rela.got
 *(.rela.got)

.rel.bss
 *(.rel.bss)

.rela.bss
 *(.rela.bss)

.rel.plt
 *(.rel.plt)

.rela.plt
 *(.rela.plt)

.text           0x00000000     0x3f06
 *(.vectors)
 .vectors       0x00000000       0xe4 C:/Program Files (x86)/Atmel/Studio/7.0/Packs/atmel/ATmega_DFP/1.7.374/gcc/dev/atmega2560/avr6/crtatmega2560.o
                0x00000000                __vector_default
                0x00000000                __vectors
 *(.vectors)
 *(.progmem.gcc*)
 .progmem.gcc_sw_table.prvProcessReceivedCommands
                0x000000e4       0x14 FreeRTOS/src/timers.o
                0x000000f8                . = ALIGN (0x2)
                0x000000f8                __trampolines_start = .
 *(.trampolines)
 .trampolines   0x000000f8        0x0 linker stubs
 *(.trampolines*)
                0x000000f8                __trampolines_end = .
 *libprintf_flt.a:*(.progmem.data)
 *libc.a:*(.progmem.data)
 *(.progmem*)
                0x000000f8                . = ALIGN (0x2)
 *(.jumptables)
 *(.jumptables*)
 *(.lowtext)
 .lowtext       0x000000f8       0x14 FreeRTOS/src/tasks.o
 .lowtext       0x0000010c       0x1e FreeRTOS/src/timers.o
 *(.lowtext*)
                0x0000012a                __ctors_start = .
 *(.ctors)
                0x0000012a                __ctors_end = .
                0x0000012a                __dtors_start = .
 *(.dtors)
                0x0000012a                __dtors_end = .
 SORT(*)(.ctors)
 SORT(*)(.dtors)
 *(.init0)
 .init0         0x0000012a        0x0 C:/Program Files (x86)/Atmel/Studio/7.0/Packs/atmel/ATmega_DFP/1.7.374/gcc/dev/atmega2560/avr6/crtatmega2560.o
                0x0000012a                __init
 *(.init0)
 *(.init1)
 *(.init1)
 *(.init2)
 .init2         0x0000012a       0x10 C:/Program Files (x86)/Atmel/Studio/7.0/Packs/atmel/ATmega_DFP/1.7.374/gcc/dev/atmega2560/avr6/crtatmega2560.o
 *(.init2)
 *(.init3)
 *(.init3)
 *(.init4)
 .init4         0x0000013a       0x1a c:/program files (x86)/atmel/studio/7.0/toolchain/avr8/avr8-gnu-toolchain/bin/../lib/gcc/avr/5.4.0/avr6\libgcc.a(_copy_data.o)
                0x0000013a                __do_copy_data
 .init4         0x00000154       0x10 c:/program files (x86)/atmel/studio/7.0/toolchain/avr8/avr8-gnu-toolchain/bin/../lib/gcc/avr/5.4.0/avr6\libgcc.a(_clear_bss.o)
                0x00000154                __do_clear_bss
 *(.init4)
 *(.init5)
 *(.init5)
 *(.init6)
 *(.init6)
 *(.init7)
 *(.init7)
 *(.init8)
 *(.init8)
 *(.init9)
 .init9         0x00000164        0x8 C:/Program Files (x86)/Atmel/Studio/7.0/Packs/atmel/ATmega_DFP/1.7.374/gcc/dev/atmega2560/avr6/crtatmega2560.o
 *(.init9)
 *(.text)
 .text          0x0000016c        0x2 C:/Program Files (x86)/Atmel/Studio/7.0/Packs/atmel/ATmega_DFP/1.7.374/gcc/dev/atmega2560/avr6/crtatmega2560.o
                0x0000016c                __vector_38
                0x0000016c                __vector_22
                0x0000016c                __vector_28
                0x0000016c                __vector_1
                0x0000016c                __vector_32
                0x0000016c                __vector_34
                0x0000016c                __vector_24
                0x0000016c                __vector_46
                0x0000016c                __bad_interrupt
                0x0000016c                __vector_6
                0x0000016c                __vector_31
                0x0000016c                __vector_35
                0x0000016c                __vector_39
                0x0000016c                __vector_3
                0x0000016c                __vector_23
                0x0000016c                __vector_30
                0x0000016c                __vector_45
                0x0000016c                __vector_11
                0x0000016c                __vector_13
                0x0000016c                __vector_17
                0x0000016c                __vector_19
                0x0000016c                __vector_56
                0x0000016c                __vector_7
                0x0000016c                __vector_49
                0x0000016c                __vector_41
                0x0000016c                __vector_43
                0x0000016c                __vector_27
                0x0000016c                __vector_5
                0x0000016c                __vector_33
                0x0000016c                __vector_47
                0x0000016c                __vector_4
                0x0000016c                __vector_44
                0x0000016c                __vector_9
                0x0000016c                __vector_2
                0x0000016c                __vector_21
                0x0000016c                __vector_15
                0x0000016c                __vector_29
                0x0000016c                __vector_40
                0x0000016c                __vector_8
                0x0000016c                __vector_48
                0x0000016c                __vector_14
                0x0000016c                __vector_53
                0x0000016c                __vector_10
                0x0000016c                __vector_50
                0x0000016c                __vector_16
                0x0000016c                __vector_18
                0x0000016c                __vector_20
                0x0000016c                __vector_42
                0x0000016e                . = ALIGN (0x2)
 *(.text.*)
 .text.distanceMeasurementFrontTask
                0x0000016e       0x6e application.o
                0x0000016e                distanceMeasurementFrontTask
 .text.distanceMeasurementBackTask
                0x000001dc       0x86 application.o
                0x000001dc                distanceMeasurementBackTask
 .text.create_all_application_tasks
                0x00000262       0x6a application.o
                0x00000262                create_all_application_tasks
 .text.turnOnLight
                0x000002cc        0x8 application.o
                0x000002cc                turnOnLight
 .text.turnOffLight
                0x000002d4        0x8 application.o
                0x000002d4                turnOffLight
 .text.obstacleDetectionTask
                0x000002dc       0x9a application.o
                0x000002dc                obstacleDetectionTask
 .text.hc_sr04_init
                0x00000376       0x20 drivers/hc_sr04.o
                0x00000376                hc_sr04_init
 .text.hc_sr04_takeMeasurement
                0x00000396      0x104 drivers/hc_sr04.o
                0x00000396                hc_sr04_takeMeasurement
 .text.trace_init
                0x0000049a        0xc FreeRTOS/FreeRTOSTraceDriver/FreeRTOSTraceDriver.o
                0x0000049a                trace_init
 .text.task_switch_in
                0x000004a6       0x14 FreeRTOS/FreeRTOSTraceDriver/FreeRTOSTraceDriver.o
                0x000004a6                task_switch_in
 .text.task_switch_out
                0x000004ba        0xc FreeRTOS/FreeRTOSTraceDriver/FreeRTOSTraceDriver.o
                0x000004ba                task_switch_out
 .text.prvHeapInit
                0x000004c6       0x52 FreeRTOS/src/heap_4.o
 .text.prvInsertBlockIntoFreeList
                0x00000518       0x94 FreeRTOS/src/heap_4.o
 .text.pvPortMalloc
                0x000005ac      0x152 FreeRTOS/src/heap_4.o
                0x000005ac                pvPortMalloc
 .text.vPortFree
                0x000006fe       0x78 FreeRTOS/src/heap_4.o
                0x000006fe                vPortFree
 .text.vListInitialise
                0x00000776       0x22 FreeRTOS/src/list.o
                0x00000776                vListInitialise
 .text.vListInitialiseItem
                0x00000798        0x8 FreeRTOS/src/list.o
                0x00000798                vListInitialiseItem
 .text.vListInsert
                0x000007a0       0x7a FreeRTOS/src/list.o
                0x000007a0                vListInsert
 .text.uxListRemove
                0x0000081a       0x4e FreeRTOS/src/list.o
                0x0000081a                uxListRemove
 .text.prvSetupTimerInterrupt
                0x00000868       0x18 FreeRTOS/src/port.o
 .text.pxPortInitialiseStack
                0x00000880       0x2e FreeRTOS/src/port.o
                0x00000880                pxPortInitialiseStack
 .text.xPortStartScheduler
                0x000008ae       0x64 FreeRTOS/src/port.o
                0x000008ae                xPortStartScheduler
 .text.vPortYield
                0x00000912       0xc2 FreeRTOS/src/port.o
                0x00000912                vPortYield
 .text.vPortYieldFromTick
                0x000009d4       0xc8 FreeRTOS/src/port.o
                0x000009d4                vPortYieldFromTick
 .text.__vector_12
                0x00000a9c        0x4 FreeRTOS/src/port.o
                0x00000a9c                __vector_12
 .text.prvGetDisinheritPriorityAfterTimeout
                0x00000aa0       0x20 FreeRTOS/src/queue.o
 .text.prvIsQueueEmpty
                0x00000ac0       0x1a FreeRTOS/src/queue.o
 .text.prvIsQueueFull
                0x00000ada       0x1c FreeRTOS/src/queue.o
 .text.prvCopyDataToQueue
                0x00000af6       0xbe FreeRTOS/src/queue.o
 .text.prvCopyDataFromQueue
                0x00000bb4       0x34 FreeRTOS/src/queue.o
 .text.prvUnlockQueue
                0x00000be8       0x68 FreeRTOS/src/queue.o
 .text.xQueueGenericReset
                0x00000c50       0x86 FreeRTOS/src/queue.o
                0x00000c50                xQueueGenericReset
 .text.prvInitialiseNewQueue
                0x00000cd6       0x24 FreeRTOS/src/queue.o
 .text.xQueueGenericCreate
                0x00000cfa       0x46 FreeRTOS/src/queue.o
                0x00000cfa                xQueueGenericCreate
 .text.xQueueGenericSend
                0x00000d40      0x11a FreeRTOS/src/queue.o
                0x00000d40                xQueueGenericSend
 .text.prvInitialiseMutex
                0x00000e5a       0x24 FreeRTOS/src/queue.o
 .text.xQueueCreateMutex
                0x00000e7e       0x18 FreeRTOS/src/queue.o
                0x00000e7e                xQueueCreateMutex
 .text.xQueueGenericSendFromISR
                0x00000e96       0x74 FreeRTOS/src/queue.o
                0x00000e96                xQueueGenericSendFromISR
 .text.xQueueReceive
                0x00000f0a      0x116 FreeRTOS/src/queue.o
                0x00000f0a                xQueueReceive
 .text.xQueueSemaphoreTake
                0x00001020      0x156 FreeRTOS/src/queue.o
                0x00001020                xQueueSemaphoreTake
 .text.vQueueWaitForMessageRestricted
                0x00001176       0x36 FreeRTOS/src/queue.o
                0x00001176                vQueueWaitForMessageRestricted
 .text.prvResetNextTaskUnblockTime
                0x000011ac       0x4e FreeRTOS/src/tasks.o
 .text.prvDeleteTCB
                0x000011fa       0x16 FreeRTOS/src/tasks.o
 .text.prvInitialiseNewTask
                0x00001210       0xfa FreeRTOS/src/tasks.o
 .text.prvInitialiseTaskLists
                0x0000130a       0x54 FreeRTOS/src/tasks.o
 .text.prvAddNewTaskToReadyList
                0x0000135e       0xdc FreeRTOS/src/tasks.o
 .text.prvCheckTasksWaitingTermination
                0x0000143a       0x48 FreeRTOS/src/tasks.o
 .text.prvAddCurrentTaskToDelayedList
                0x00001482      0x13e FreeRTOS/src/tasks.o
 .text.xTaskCreate
                0x000015c0       0x96 FreeRTOS/src/tasks.o
                0x000015c0                xTaskCreate
 .text.vTaskStartScheduler
                0x00001656       0x7a FreeRTOS/src/tasks.o
                0x00001656                vTaskStartScheduler
 .text.vTaskSuspendAll
                0x000016d0        0xc FreeRTOS/src/tasks.o
                0x000016d0                vTaskSuspendAll
 .text.xTaskGetTickCount
                0x000016dc       0x1c FreeRTOS/src/tasks.o
                0x000016dc                xTaskGetTickCount
 .text.xTaskIncrementTick
                0x000016f8      0x258 FreeRTOS/src/tasks.o
                0x000016f8                xTaskIncrementTick
 .text.xTaskResumeAll
                0x00001950      0x1b8 FreeRTOS/src/tasks.o
                0x00001950                xTaskResumeAll
 .text.vTaskDelay
                0x00001b08       0x36 FreeRTOS/src/tasks.o
                0x00001b08                vTaskDelay
 .text.vTaskSetApplicationTaskTag
                0x00001b3e       0x1e FreeRTOS/src/tasks.o
                0x00001b3e                vTaskSetApplicationTaskTag
 .text.vTaskSwitchContext
                0x00001b5c       0xe4 FreeRTOS/src/tasks.o
                0x00001b5c                vTaskSwitchContext
 .text.vTaskPlaceOnEventList
                0x00001c40       0x2e FreeRTOS/src/tasks.o
                0x00001c40                vTaskPlaceOnEventList
 .text.vTaskPlaceOnEventListRestricted
                0x00001c6e       0x84 FreeRTOS/src/tasks.o
                0x00001c6e                vTaskPlaceOnEventListRestricted
 .text.xTaskRemoveFromEventList
                0x00001cf2      0x15e FreeRTOS/src/tasks.o
                0x00001cf2                xTaskRemoveFromEventList
 .text.vTaskInternalSetTimeOutState
                0x00001e50       0x22 FreeRTOS/src/tasks.o
                0x00001e50                vTaskInternalSetTimeOutState
 .text.xTaskCheckForTimeOut
                0x00001e72       0xcc FreeRTOS/src/tasks.o
                0x00001e72                xTaskCheckForTimeOut
 .text.vTaskMissedYield
                0x00001f3e        0x8 FreeRTOS/src/tasks.o
                0x00001f3e                vTaskMissedYield
 .text.xTaskGetSchedulerState
                0x00001f46       0x1c FreeRTOS/src/tasks.o
                0x00001f46                xTaskGetSchedulerState
 .text.xTaskPriorityInherit
                0x00001f62      0x10e FreeRTOS/src/tasks.o
                0x00001f62                xTaskPriorityInherit
 .text.xTaskPriorityDisinherit
                0x00002070       0xb6 FreeRTOS/src/tasks.o
                0x00002070                xTaskPriorityDisinherit
 .text.vTaskPriorityDisinheritAfterTimeout
                0x00002126       0xce FreeRTOS/src/tasks.o
                0x00002126                vTaskPriorityDisinheritAfterTimeout
 .text.pvTaskIncrementMutexHeldCount
                0x000021f4       0x24 FreeRTOS/src/tasks.o
                0x000021f4                pvTaskIncrementMutexHeldCount
 .text.prvGetNextExpireTime
                0x00002218       0x30 FreeRTOS/src/timers.o
 .text.prvInsertTimerInActiveList
                0x00002248       0x92 FreeRTOS/src/timers.o
 .text.prvCheckForValidListAndQueue
                0x000022da       0x52 FreeRTOS/src/timers.o
 .text.xTimerCreateTimerTask
                0x0000232c       0x40 FreeRTOS/src/timers.o
                0x0000232c                xTimerCreateTimerTask
 .text.xTimerGenericCommand
                0x0000236c       0xbc FreeRTOS/src/timers.o
                0x0000236c                xTimerGenericCommand
 .text.prvSwitchTimerLists
                0x00002428       0xd0 FreeRTOS/src/timers.o
 .text.prvSampleTimeNow
                0x000024f8       0x5a FreeRTOS/src/timers.o
 .text.prvProcessExpiredTimer
                0x00002552       0xac FreeRTOS/src/timers.o
 .text.prvProcessTimerOrBlockTask
                0x000025fe       0xa6 FreeRTOS/src/timers.o
 .text.prvProcessReceivedCommands
                0x000026a4      0x166 FreeRTOS/src/timers.o
 .text.vApplicationIdleHook
                0x0000280a        0x2 FreeRTOS/src/variantHooks.o
                0x0000280a                vApplicationIdleHook
 .text.prvSetMainLedOn
                0x0000280c        0xe FreeRTOS/src/variantHooks.o
                0x0000280c                prvSetMainLedOn
 .text.prvBlinkMainLed
                0x0000281a        0x8 FreeRTOS/src/variantHooks.o
                0x0000281a                prvBlinkMainLed
 .text.vApplicationMallocFailedHook
                0x00002822       0x18 FreeRTOS/src/variantHooks.o
                0x00002822                vApplicationMallocFailedHook
 .text.vApplicationStackOverflowHook
                0x0000283a       0x18 FreeRTOS/src/variantHooks.o
                0x0000283a                vApplicationStackOverflowHook
 .text.initializeSystem
                0x00002852       0x28 main.o
                0x00002852                initializeSystem
 .text.main     0x0000287a        0xc main.o
                0x0000287a                main
 .text.avr-libc.fplib
                0x00002886       0x7a c:/program files (x86)/atmel/studio/7.0/toolchain/avr8/avr8-gnu-toolchain/bin/../lib/gcc/avr/5.4.0/../../../../avr/lib/avr6\libm.a(floatsisf.o)
                0x00002886                __floatunsisf
                0x0000288a                __floatsisf
 .text.avr-libc.fplib
                0x00002900        0x8 c:/program files (x86)/atmel/studio/7.0/toolchain/avr8/avr8-gnu-toolchain/bin/../lib/gcc/avr/5.4.0/../../../../avr/lib/avr6\libm.a(gesf2.o)
                0x00002900                __gesf2
                0x00002900                __gtsf2
 .text.avr-libc.fplib
                0x00002908       0x48 c:/program files (x86)/atmel/studio/7.0/toolchain/avr8/avr8-gnu-toolchain/bin/../lib/gcc/avr/5.4.0/../../../../avr/lib/avr6\libm.a(fp_cmp.o)
                0x00002908                __fp_cmp
 .text.usart_getchar
                0x00002950       0x2a ../drivers\libIotLibrary.a(stdio_driver.o)
 .text.usart_putchar
                0x0000297a       0x12 ../drivers\libIotLibrary.a(stdio_driver.o)
 .text.stdio_initialise
                0x0000298c       0x52 ../drivers\libIotLibrary.a(stdio_driver.o)
                0x0000298c                stdio_initialise
 .text._turn_off
                0x000029de       0x98 ../drivers\libIotLibrary.a(status_leds.o)
 .text._turn_on
                0x00002a76       0x98 ../drivers\libIotLibrary.a(status_leds.o)
 .text._hal_led_task
                0x00002b0e       0x8c ../drivers\libIotLibrary.a(status_leds.o)
 .text.status_leds_initialise
                0x00002b9a       0x9c ../drivers\libIotLibrary.a(status_leds.o)
                0x00002b9a                status_leds_initialise
 .text.serial_create
                0x00002c36      0x138 ../drivers\libIotLibrary.a(serial.o)
                0x00002c36                serial_create
 .text.serial_sendByte
                0x00002d6e       0x56 ../drivers\libIotLibrary.a(serial.o)
                0x00002d6e                serial_sendByte
 .text.serial_getByte
                0x00002dc4       0x40 ../drivers\libIotLibrary.a(serial.o)
                0x00002dc4                serial_getByte
 .text.__vector_25
                0x00002e04       0xa4 ../drivers\libIotLibrary.a(serial.o)
                0x00002e04                __vector_25
 .text.__vector_26
                0x00002ea8       0x88 ../drivers\libIotLibrary.a(serial.o)
                0x00002ea8                __vector_26
 .text.__vector_36
                0x00002f30       0xa4 ../drivers\libIotLibrary.a(serial.o)
                0x00002f30                __vector_36
 .text.__vector_37
                0x00002fd4       0x88 ../drivers\libIotLibrary.a(serial.o)
                0x00002fd4                __vector_37
 .text.__vector_51
                0x0000305c       0xa4 ../drivers\libIotLibrary.a(serial.o)
                0x0000305c                __vector_51
 .text.__vector_52
                0x00003100       0x88 ../drivers\libIotLibrary.a(serial.o)
                0x00003100                __vector_52
 .text.__vector_54
                0x00003188       0xa4 ../drivers\libIotLibrary.a(serial.o)
                0x00003188                __vector_54
 .text.__vector_55
                0x0000322c       0x88 ../drivers\libIotLibrary.a(serial.o)
                0x0000322c                __vector_55
 .text.fifo_init
                0x000032b4       0x38 ../drivers\libIotLibrary.a(fifo.o)
                0x000032b4                fifo_init
 .text.avr-libc.fplib
                0x000032ec        0xa c:/program files (x86)/atmel/studio/7.0/toolchain/avr8/avr8-gnu-toolchain/bin/../lib/gcc/avr/5.4.0/../../../../avr/lib/avr6\libm.a(addsf3.o)
                0x000032ec                __subsf3
                0x000032ee                __addsf3
 .text.avr-libc.fplib
                0x000032f6       0xc0 c:/program files (x86)/atmel/studio/7.0/toolchain/avr8/avr8-gnu-toolchain/bin/../lib/gcc/avr/5.4.0/../../../../avr/lib/avr6\libm.a(addsf3x.o)
                0x00003310                __addsf3x
 .text.avr-libc.fplib
                0x000033b6        0x4 c:/program files (x86)/atmel/studio/7.0/toolchain/avr8/avr8-gnu-toolchain/bin/../lib/gcc/avr/5.4.0/../../../../avr/lib/avr6\libm.a(divsf3.o)
                0x000033b6                __divsf3
 .text.avr-libc.fplib
                0x000033ba       0xcc c:/program files (x86)/atmel/studio/7.0/toolchain/avr8/avr8-gnu-toolchain/bin/../lib/gcc/avr/5.4.0/../../../../avr/lib/avr6\libm.a(divsf3x.o)
                0x000033d0                __divsf3x
                0x000033d4                __divsf3_pse
 .text.avr-libc.fplib
                0x00003486       0x58 c:/program files (x86)/atmel/studio/7.0/toolchain/avr8/avr8-gnu-toolchain/bin/../lib/gcc/avr/5.4.0/../../../../avr/lib/avr6\libm.a(fixunssfsi.o)
                0x00003486                __fixunssfsi
 .text.avr-libc.fplib
                0x000034de        0xc c:/program files (x86)/atmel/studio/7.0/toolchain/avr8/avr8-gnu-toolchain/bin/../lib/gcc/avr/5.4.0/../../../../avr/lib/avr6\libm.a(fp_inf.o)
                0x000034de                __fp_inf
 .text.avr-libc.fplib
                0x000034ea        0x6 c:/program files (x86)/atmel/studio/7.0/toolchain/avr8/avr8-gnu-toolchain/bin/../lib/gcc/avr/5.4.0/../../../../avr/lib/avr6\libm.a(fp_nan.o)
                0x000034ea                __fp_nan
 .text.avr-libc.fplib
                0x000034f0        0xe c:/program files (x86)/atmel/studio/7.0/toolchain/avr8/avr8-gnu-toolchain/bin/../lib/gcc/avr/5.4.0/../../../../avr/lib/avr6\libm.a(fp_pscA.o)
                0x000034f0                __fp_pscA
 .text.avr-libc.fplib
                0x000034fe        0xe c:/program files (x86)/atmel/studio/7.0/toolchain/avr8/avr8-gnu-toolchain/bin/../lib/gcc/avr/5.4.0/../../../../avr/lib/avr6\libm.a(fp_pscB.o)
                0x000034fe                __fp_pscB
 .text.avr-libc.fplib
                0x0000350c       0x22 c:/program files (x86)/atmel/studio/7.0/toolchain/avr8/avr8-gnu-toolchain/bin/../lib/gcc/avr/5.4.0/../../../../avr/lib/avr6\libm.a(fp_round.o)
                0x0000350c                __fp_round
 .text.avr-libc.fplib
                0x0000352e       0x44 c:/program files (x86)/atmel/studio/7.0/toolchain/avr8/avr8-gnu-toolchain/bin/../lib/gcc/avr/5.4.0/../../../../avr/lib/avr6\libm.a(fp_split3.o)
                0x0000352e                __fp_split3
                0x0000353e                __fp_splitA
 .text.avr-libc.fplib
                0x00003572        0xe c:/program files (x86)/atmel/studio/7.0/toolchain/avr8/avr8-gnu-toolchain/bin/../lib/gcc/avr/5.4.0/../../../../avr/lib/avr6\libm.a(fp_zero.o)
                0x00003572                __fp_zero
                0x00003574                __fp_szero
 .text.avr-libc.fplib
                0x00003580        0x4 c:/program files (x86)/atmel/studio/7.0/toolchain/avr8/avr8-gnu-toolchain/bin/../lib/gcc/avr/5.4.0/../../../../avr/lib/avr6\libm.a(mulsf3.o)
                0x00003580                __mulsf3
 .text.avr-libc.fplib
                0x00003584       0xc2 c:/program files (x86)/atmel/studio/7.0/toolchain/avr8/avr8-gnu-toolchain/bin/../lib/gcc/avr/5.4.0/../../../../avr/lib/avr6\libm.a(mulsf3x.o)
                0x00003598                __mulsf3x
                0x0000359c                __mulsf3_pse
 .text.libgcc.div
                0x00003646       0x44 c:/program files (x86)/atmel/studio/7.0/toolchain/avr8/avr8-gnu-toolchain/bin/../lib/gcc/avr/5.4.0/avr6\libgcc.a(_udivmodsi4.o)
                0x00003646                __udivmodsi4
 .text.libgcc   0x0000368a       0x10 c:/program files (x86)/atmel/studio/7.0/toolchain/avr8/avr8-gnu-toolchain/bin/../lib/gcc/avr/5.4.0/avr6\libgcc.a(_tablejump2.o)
                0x0000368a                __tablejump2__
 .text.libgcc.mul
                0x0000369a       0x1e c:/program files (x86)/atmel/studio/7.0/toolchain/avr8/avr8-gnu-toolchain/bin/../lib/gcc/avr/5.4.0/avr6\libgcc.a(_umulhisi3.o)
                0x0000369a                __umulhisi3
 .text.avr-libc
                0x000036b8      0x242 c:/program files (x86)/atmel/studio/7.0/toolchain/avr8/avr8-gnu-toolchain/bin/../lib/gcc/avr/5.4.0/../../../../avr/lib/avr6\libc.a(malloc.o)
                0x000036b8                malloc
                0x000037e8                free
 .text.avr-libc
                0x000038fa        0x8 c:/program files (x86)/atmel/studio/7.0/toolchain/avr8/avr8-gnu-toolchain/bin/../lib/gcc/avr/5.4.0/../../../../avr/lib/avr6\libc.a(abort.o)
                0x000038fa                abort
 .text.avr-libc
                0x00003902       0x12 c:/program files (x86)/atmel/studio/7.0/toolchain/avr8/avr8-gnu-toolchain/bin/../lib/gcc/avr/5.4.0/../../../../avr/lib/avr6\libc.a(memcpy.o)
                0x00003902                memcpy
 .text.avr-libc
                0x00003914        0xe c:/program files (x86)/atmel/studio/7.0/toolchain/avr8/avr8-gnu-toolchain/bin/../lib/gcc/avr/5.4.0/../../../../avr/lib/avr6\libc.a(memset.o)
                0x00003914                memset
 .text.avr-libc
                0x00003922       0x26 c:/program files (x86)/atmel/studio/7.0/toolchain/avr8/avr8-gnu-toolchain/bin/../lib/gcc/avr/5.4.0/../../../../avr/lib/avr6\libc.a(printf.o)
                0x00003922                printf
 .text.avr-libc
                0x00003948       0x60 c:/program files (x86)/atmel/studio/7.0/toolchain/avr8/avr8-gnu-toolchain/bin/../lib/gcc/avr/5.4.0/../../../../avr/lib/avr6\libc.a(puts.o)
                0x00003948                puts
 .text.avr-libc
                0x000039a8      0x3fa c:/program files (x86)/atmel/studio/7.0/toolchain/avr8/avr8-gnu-toolchain/bin/../lib/gcc/avr/5.4.0/../../../../avr/lib/avr6\libc.a(vfprintf_std.o)
                0x000039a8                vfprintf
 .text.avr-libc
                0x00003da2       0x16 c:/program files (x86)/atmel/studio/7.0/toolchain/avr8/avr8-gnu-toolchain/bin/../lib/gcc/avr/5.4.0/../../../../avr/lib/avr6\libc.a(strnlen_P.o)
                0x00003da2                strnlen_P
 .text.avr-libc
                0x00003db8       0x16 c:/program files (x86)/atmel/studio/7.0/toolchain/avr8/avr8-gnu-toolchain/bin/../lib/gcc/avr/5.4.0/../../../../avr/lib/avr6\libc.a(strnlen.o)
                0x00003db8                strnlen
 .text.avr-libc
                0x00003dce       0x78 c:/program files (x86)/atmel/studio/7.0/toolchain/avr8/avr8-gnu-toolchain/bin/../lib/gcc/avr/5.4.0/../../../../avr/lib/avr6\libc.a(fputc.o)
                0x00003dce                fputc
 .text.avr-libc
                0x00003e46       0xbc c:/program files (x86)/atmel/studio/7.0/toolchain/avr8/avr8-gnu-toolchain/bin/../lib/gcc/avr/5.4.0/../../../../avr/lib/avr6\libc.a(ultoa_invert.o)
                0x00003e46                __ultoa_invert
                0x00003f02                . = ALIGN (0x2)
 *(.fini9)
 .fini9         0x00003f02        0x0 c:/program files (x86)/atmel/studio/7.0/toolchain/avr8/avr8-gnu-toolchain/bin/../lib/gcc/avr/5.4.0/avr6\libgcc.a(_exit.o)
                0x00003f02                _exit
                0x00003f02                exit
 *(.fini9)
 *(.fini8)
 *(.fini8)
 *(.fini7)
 *(.fini7)
 *(.fini6)
 *(.fini6)
 *(.fini5)
 *(.fini5)
 *(.fini4)
 *(.fini4)
 *(.fini3)
 *(.fini3)
 *(.fini2)
 *(.fini2)
 *(.fini1)
 *(.fini1)
 *(.fini0)
 .fini0         0x00003f02        0x4 c:/program files (x86)/atmel/studio/7.0/toolchain/avr8/avr8-gnu-toolchain/bin/../lib/gcc/avr/5.4.0/avr6\libgcc.a(_exit.o)
 *(.fini0)
                0x00003f06                _etext = .

.data           0x00800200      0x128 load address 0x00003f06
                0x00800200                PROVIDE (__data_start, .)
 *(.data)
 .data          0x00800200        0x6 c:/program files (x86)/atmel/studio/7.0/toolchain/avr8/avr8-gnu-toolchain/bin/../lib/gcc/avr/5.4.0/../../../../avr/lib/avr6\libc.a(malloc.o)
                0x00800200                __malloc_heap_end
                0x00800202                __malloc_heap_start
                0x00800204                __malloc_margin
 *(.data*)
 .data.uxTopUsedPriority
                0x00800206        0x1 FreeRTOS/src/tasks.o
                0x00800206                uxTopUsedPriority
 .data.mystdout.1882
                0x00800207        0xe ../drivers\libIotLibrary.a(stdio_driver.o)
 .data._com_port_2_udr
                0x00800215        0x8 ../drivers\libIotLibrary.a(serial.o)
                0x00800215                _com_port_2_udr
 *(.gnu.linkonce.d*)
 *(.rodata)
 *(.rodata*)
 .rodata.str1.1
                0x0080021d       0xd6 application.o
 .rodata.str1.1
                0x008002f3        0x5 FreeRTOS/src/tasks.o
 .rodata.str1.1
                0x008002f8        0x8 FreeRTOS/src/timers.o
 .rodata.str1.1
                0x00800300       0x1f main.o
 .rodata.str1.1
                0x0080031f        0x8 ../drivers\libIotLibrary.a(status_leds.o)
 *(.gnu.linkonce.r*)
                0x00800328                . = ALIGN (0x2)
 *fill*         0x00800327        0x1 
                0x00800328                _edata = .
                0x00800328                PROVIDE (__data_end, .)

.bss            0x00800328      0xed3
                0x00800328                PROVIDE (__bss_start, .)
 *(.bss)
 *(.bss*)
 .bss.backMeasuredDistance
                0x00800328        0x2 application.o
                0x00800328                backMeasuredDistance
 .bss.frontMeasuredDistance
                0x0080032a        0x2 application.o
                0x0080032a                frontMeasuredDistance
 .bss.xBlockAllocatedBit
                0x0080032c        0x2 FreeRTOS/src/heap_4.o
 .bss.xNumberOfSuccessfulFrees
                0x0080032e        0x2 FreeRTOS/src/heap_4.o
 .bss.xNumberOfSuccessfulAllocations
                0x00800330        0x2 FreeRTOS/src/heap_4.o
 .bss.xMinimumEverFreeBytesRemaining
                0x00800332        0x2 FreeRTOS/src/heap_4.o
 .bss.xFreeBytesRemaining
                0x00800334        0x2 FreeRTOS/src/heap_4.o
 .bss.pxEnd     0x00800336        0x2 FreeRTOS/src/heap_4.o
 .bss.xStart    0x00800338        0x4 FreeRTOS/src/heap_4.o
 .bss.ucHeap    0x0080033c      0xdac FreeRTOS/src/heap_4.o
 .bss.uxSchedulerSuspended
                0x008010e8        0x1 FreeRTOS/src/tasks.o
 .bss.xIdleTaskHandle
                0x008010e9        0x2 FreeRTOS/src/tasks.o
 .bss.xNextTaskUnblockTime
                0x008010eb        0x4 FreeRTOS/src/tasks.o
 .bss.uxTaskNumber
                0x008010ef        0x1 FreeRTOS/src/tasks.o
 .bss.xNumOfOverflows
                0x008010f0        0x1 FreeRTOS/src/tasks.o
 .bss.xYieldPending
                0x008010f1        0x1 FreeRTOS/src/tasks.o
 .bss.xPendedTicks
                0x008010f2        0x4 FreeRTOS/src/tasks.o
 .bss.xSchedulerRunning
                0x008010f6        0x1 FreeRTOS/src/tasks.o
 .bss.uxTopReadyPriority
                0x008010f7        0x1 FreeRTOS/src/tasks.o
 .bss.xTickCount
                0x008010f8        0x4 FreeRTOS/src/tasks.o
 .bss.uxCurrentNumberOfTasks
                0x008010fc        0x1 FreeRTOS/src/tasks.o
 .bss.xSuspendedTaskList
                0x008010fd        0xb FreeRTOS/src/tasks.o
 .bss.uxDeletedTasksWaitingCleanUp
                0x00801108        0x1 FreeRTOS/src/tasks.o
 .bss.xTasksWaitingTermination
                0x00801109        0xb FreeRTOS/src/tasks.o
 .bss.xPendingReadyList
                0x00801114        0xb FreeRTOS/src/tasks.o
 .bss.pxOverflowDelayedTaskList
                0x0080111f        0x2 FreeRTOS/src/tasks.o
 .bss.pxDelayedTaskList
                0x00801121        0x2 FreeRTOS/src/tasks.o
 .bss.xDelayedTaskList2
                0x00801123        0xb FreeRTOS/src/tasks.o
 .bss.xDelayedTaskList1
                0x0080112e        0xb FreeRTOS/src/tasks.o
 .bss.pxReadyTasksLists
                0x00801139       0x6e FreeRTOS/src/tasks.o
 .bss.pxCurrentTCB
                0x008011a7        0x2 FreeRTOS/src/tasks.o
                0x008011a7                pxCurrentTCB
 .bss.xLastTime.2448
                0x008011a9        0x4 FreeRTOS/src/timers.o
 .bss.xTimerTaskHandle
                0x008011ad        0x2 FreeRTOS/src/timers.o
 .bss.xTimerQueue
                0x008011af        0x2 FreeRTOS/src/timers.o
 .bss.pxOverflowTimerList
                0x008011b1        0x2 FreeRTOS/src/timers.o
 .bss.pxCurrentTimerList
                0x008011b3        0x2 FreeRTOS/src/timers.o
 .bss.xActiveTimerList2
                0x008011b5        0xb FreeRTOS/src/timers.o
 .bss.xActiveTimerList1
                0x008011c0        0xb FreeRTOS/src/timers.o
 .bss._com_serial_instance
                0x008011cb        0x2 ../drivers\libIotLibrary.a(stdio_driver.o)
 .bss._led_status
                0x008011cd       0x18 ../drivers\libIotLibrary.a(status_leds.o)
 .bss._ser_handle
                0x008011e5        0x8 ../drivers\libIotLibrary.a(serial.o)
 *(COMMON)
 COMMON         0x008011ed        0x4 application.o
                0x008011ed                xBackDistanceSemaphore
                0x008011ef                xFrontDistanceSemaphore
 COMMON         0x008011f1        0x4 c:/program files (x86)/atmel/studio/7.0/toolchain/avr8/avr8-gnu-toolchain/bin/../lib/gcc/avr/5.4.0/../../../../avr/lib/avr6\libc.a(malloc.o)
                0x008011f1                __brkval
                0x008011f3                __flp
 COMMON         0x008011f5        0x6 c:/program files (x86)/atmel/studio/7.0/toolchain/avr8/avr8-gnu-toolchain/bin/../lib/gcc/avr/5.4.0/../../../../avr/lib/avr6\libc.a(iob.o)
                0x008011f5                __iob
                0x008011fb                PROVIDE (__bss_end, .)
                0x00003f06                __data_load_start = LOADADDR (.data)
                0x0000402e                __data_load_end = (__data_load_start + SIZEOF (.data))

.noinit         0x008011fb        0x0
                [!provide]                PROVIDE (__noinit_start, .)
 *(.noinit*)
                [!provide]                PROVIDE (__noinit_end, .)
                0x008011fb                _end = .
                0x008011fb                PROVIDE (__heap_start, .)

.eeprom         0x00810000        0x0
 *(.eeprom*)
                0x00810000                __eeprom_end = .

.fuse
 *(.fuse)
 *(.lfuse)
 *(.hfuse)
 *(.efuse)

.lock
 *(.lock*)

.signature
 *(.signature*)

.user_signatures
 *(.user_signatures*)

.stab
 *(.stab)

.stabstr
 *(.stabstr)

.stab.excl
 *(.stab.excl)

.stab.exclstr
 *(.stab.exclstr)

.stab.index
 *(.stab.index)

.stab.indexstr
 *(.stab.indexstr)

.comment        0x00000000       0x5c
 *(.comment)
 .comment       0x00000000       0x30 application.o
                                 0x31 (size before relaxing)
 .comment       0x00000030       0x31 drivers/hc_sr04.o
 .comment       0x00000030       0x31 FreeRTOS/FreeRTOSTraceDriver/FreeRTOSTraceDriver.o
 .comment       0x00000030       0x31 FreeRTOS/src/heap_4.o
 .comment       0x00000030       0x31 FreeRTOS/src/list.o
 .comment       0x00000030       0x31 FreeRTOS/src/port.o
 .comment       0x00000030       0x31 FreeRTOS/src/queue.o
 .comment       0x00000030       0x31 FreeRTOS/src/tasks.o
 .comment       0x00000030       0x31 FreeRTOS/src/timers.o
 .comment       0x00000030       0x31 FreeRTOS/src/variantHooks.o
 .comment       0x00000030       0x31 main.o
 .comment       0x00000030       0x31 ../drivers\libIotLibrary.a(stdio_driver.o)
 .comment       0x00000030       0x31 ../drivers\libIotLibrary.a(status_leds.o)
 .comment       0x00000030       0x31 ../drivers\libIotLibrary.a(serial.o)
 .comment       0x00000030       0x31 ../drivers\libIotLibrary.a(fifo.o)
 .comment       0x00000030       0x31 c:/program files (x86)/atmel/studio/7.0/toolchain/avr8/avr8-gnu-toolchain/bin/../lib/gcc/avr/5.4.0/../../../../avr/lib/avr6\libc.a(malloc.o)
 .comment       0x00000030       0x31 c:/program files (x86)/atmel/studio/7.0/toolchain/avr8/avr8-gnu-toolchain/bin/../lib/gcc/avr/5.4.0/../../../../avr/lib/avr6\libc.a(iob.o)
 .comment       0x00000030       0x31 c:/program files (x86)/atmel/studio/7.0/toolchain/avr8/avr8-gnu-toolchain/bin/../lib/gcc/avr/5.4.0/../../../../avr/lib/avr6\libc.a(printf.o)
 .comment       0x00000030       0x31 c:/program files (x86)/atmel/studio/7.0/toolchain/avr8/avr8-gnu-toolchain/bin/../lib/gcc/avr/5.4.0/../../../../avr/lib/avr6\libc.a(puts.o)
 .comment       0x00000030       0x2c c:/program files (x86)/atmel/studio/7.0/toolchain/avr8/avr8-gnu-toolchain/bin/../lib/gcc/avr/5.4.0/../../../../avr/lib/avr6\libc.a(vfprintf_std.o)
                                 0x2d (size before relaxing)
 .comment       0x0000005c       0x31 c:/program files (x86)/atmel/studio/7.0/toolchain/avr8/avr8-gnu-toolchain/bin/../lib/gcc/avr/5.4.0/../../../../avr/lib/avr6\libc.a(fputc.o)

.note.gnu.avr.deviceinfo
                0x00000000       0x40
 .note.gnu.avr.deviceinfo
                0x00000000       0x40 C:/Program Files (x86)/Atmel/Studio/7.0/Packs/atmel/ATmega_DFP/1.7.374/gcc/dev/atmega2560/avr6/crtatmega2560.o

.note.gnu.build-id
 *(.note.gnu.build-id)

.debug
 *(.debug)

.line
 *(.line)

.debug_srcinfo
 *(.debug_srcinfo)

.debug_sfnames
 *(.debug_sfnames)

.debug_aranges  0x00000000      0x6f8
 *(.debug_aranges)
 .debug_aranges
                0x00000000       0x48 application.o
 .debug_aranges
                0x00000048       0x28 drivers/hc_sr04.o
 .debug_aranges
                0x00000070       0x30 FreeRTOS/FreeRTOSTraceDriver/FreeRTOSTraceDriver.o
 .debug_aranges
                0x000000a0       0x58 FreeRTOS/src/heap_4.o
 .debug_aranges
                0x000000f8       0x40 FreeRTOS/src/list.o
 .debug_aranges
                0x00000138       0x58 FreeRTOS/src/port.o
 .debug_aranges
                0x00000190       0xf8 FreeRTOS/src/queue.o
 .debug_aranges
                0x00000288      0x1f0 FreeRTOS/src/tasks.o
 .debug_aranges
                0x00000478       0xc8 FreeRTOS/src/timers.o
 .debug_aranges
                0x00000540       0x40 FreeRTOS/src/variantHooks.o
 .debug_aranges
                0x00000580       0x28 main.o
 .debug_aranges
                0x000005a8       0x38 ../drivers\libIotLibrary.a(stdio_driver.o)
 .debug_aranges
                0x000005e0       0x68 ../drivers\libIotLibrary.a(status_leds.o)
 .debug_aranges
                0x00000648       0x90 ../drivers\libIotLibrary.a(serial.o)
 .debug_aranges
                0x000006d8       0x20 ../drivers\libIotLibrary.a(fifo.o)

.debug_pubnames
 *(.debug_pubnames)

.debug_info     0x00000000     0x8822
 *(.debug_info .gnu.linkonce.wi.*)
 .debug_info    0x00000000      0xbbc C:/Program Files (x86)/Atmel/Studio/7.0/Packs/atmel/ATmega_DFP/1.7.374/gcc/dev/atmega2560/avr6/crtatmega2560.o
 .debug_info    0x00000bbc      0x61a application.o
 .debug_info    0x000011d6      0x1c1 drivers/hc_sr04.o
 .debug_info    0x00001397       0xd3 FreeRTOS/FreeRTOSTraceDriver/FreeRTOSTraceDriver.o
 .debug_info    0x0000146a      0x4e6 FreeRTOS/src/heap_4.o
 .debug_info    0x00001950      0x2e7 FreeRTOS/src/list.o
 .debug_info    0x00001c37      0x2ff FreeRTOS/src/port.o
 .debug_info    0x00001f36     0x17e6 FreeRTOS/src/queue.o
 .debug_info    0x0000371c     0x2412 FreeRTOS/src/tasks.o
 .debug_info    0x00005b2e     0x10dd FreeRTOS/src/timers.o
 .debug_info    0x00006c0b      0x20f FreeRTOS/src/variantHooks.o
 .debug_info    0x00006e1a      0x1d1 main.o
 .debug_info    0x00006feb      0x3b6 ../drivers\libIotLibrary.a(stdio_driver.o)
 .debug_info    0x000073a1      0x522 ../drivers\libIotLibrary.a(status_leds.o)
 .debug_info    0x000078c3      0xd9c ../drivers\libIotLibrary.a(serial.o)
 .debug_info    0x0000865f      0x1c3 ../drivers\libIotLibrary.a(fifo.o)

.debug_abbrev   0x00000000     0x2406
 *(.debug_abbrev)
 .debug_abbrev  0x00000000      0xb1a C:/Program Files (x86)/Atmel/Studio/7.0/Packs/atmel/ATmega_DFP/1.7.374/gcc/dev/atmega2560/avr6/crtatmega2560.o
 .debug_abbrev  0x00000b1a      0x15a application.o
 .debug_abbrev  0x00000c74      0x10f drivers/hc_sr04.o
 .debug_abbrev  0x00000d83       0x92 FreeRTOS/FreeRTOSTraceDriver/FreeRTOSTraceDriver.o
 .debug_abbrev  0x00000e15      0x200 FreeRTOS/src/heap_4.o
 .debug_abbrev  0x00001015       0xff FreeRTOS/src/list.o
 .debug_abbrev  0x00001114      0x179 FreeRTOS/src/port.o
 .debug_abbrev  0x0000128d      0x241 FreeRTOS/src/queue.o
 .debug_abbrev  0x000014ce      0x2dc FreeRTOS/src/tasks.o
 .debug_abbrev  0x000017aa      0x28c FreeRTOS/src/timers.o
 .debug_abbrev  0x00001a36       0xff FreeRTOS/src/variantHooks.o
 .debug_abbrev  0x00001b35      0x10a main.o
 .debug_abbrev  0x00001c3f      0x1b3 ../drivers\libIotLibrary.a(stdio_driver.o)
 .debug_abbrev  0x00001df2      0x1d7 ../drivers\libIotLibrary.a(status_leds.o)
 .debug_abbrev  0x00001fc9      0x355 ../drivers\libIotLibrary.a(serial.o)
 .debug_abbrev  0x0000231e       0xe8 ../drivers\libIotLibrary.a(fifo.o)

.debug_line     0x00000000     0x47b4
 *(.debug_line .debug_line.* .debug_line_end)
 .debug_line    0x00000000      0x1fa C:/Program Files (x86)/Atmel/Studio/7.0/Packs/atmel/ATmega_DFP/1.7.374/gcc/dev/atmega2560/avr6/crtatmega2560.o
 .debug_line    0x000001fa      0x243 application.o
 .debug_line    0x0000043d      0x1f5 drivers/hc_sr04.o
 .debug_line    0x00000632       0xfd FreeRTOS/FreeRTOSTraceDriver/FreeRTOSTraceDriver.o
 .debug_line    0x0000072f      0x41f FreeRTOS/src/heap_4.o
 .debug_line    0x00000b4e      0x1db FreeRTOS/src/list.o
 .debug_line    0x00000d29      0x28a FreeRTOS/src/port.o
 .debug_line    0x00000fb3      0xbe3 FreeRTOS/src/queue.o
 .debug_line    0x00001b96     0x16c7 FreeRTOS/src/tasks.o
 .debug_line    0x0000325d      0x624 FreeRTOS/src/timers.o
 .debug_line    0x00003881      0x1af FreeRTOS/src/variantHooks.o
 .debug_line    0x00003a30      0x156 main.o
 .debug_line    0x00003b86      0x146 ../drivers\libIotLibrary.a(stdio_driver.o)
 .debug_line    0x00003ccc      0x32c ../drivers\libIotLibrary.a(status_leds.o)
 .debug_line    0x00003ff8      0x6a1 ../drivers\libIotLibrary.a(serial.o)
 .debug_line    0x00004699      0x11b ../drivers\libIotLibrary.a(fifo.o)

.debug_frame    0x00000000     0x186c
 *(.debug_frame)
 .debug_frame   0x00000000       0xd0 application.o
 .debug_frame   0x000000d0       0x48 drivers/hc_sr04.o
 .debug_frame   0x00000118       0x44 FreeRTOS/FreeRTOSTraceDriver/FreeRTOSTraceDriver.o
 .debug_frame   0x0000015c       0xfc FreeRTOS/src/heap_4.o
 .debug_frame   0x00000258       0x90 FreeRTOS/src/list.o
 .debug_frame   0x000002e8       0x94 FreeRTOS/src/port.o
 .debug_frame   0x0000037c      0x3a4 FreeRTOS/src/queue.o
 .debug_frame   0x00000720      0x7e0 FreeRTOS/src/tasks.o
 .debug_frame   0x00000f00      0x3ac FreeRTOS/src/timers.o
 .debug_frame   0x000012ac       0x64 FreeRTOS/src/variantHooks.o
 .debug_frame   0x00001310       0x34 main.o
 .debug_frame   0x00001344       0x94 ../drivers\libIotLibrary.a(stdio_driver.o)
 .debug_frame   0x000013d8       0xec ../drivers\libIotLibrary.a(status_leds.o)
 .debug_frame   0x000014c4      0x384 ../drivers\libIotLibrary.a(serial.o)
 .debug_frame   0x00001848       0x24 ../drivers\libIotLibrary.a(fifo.o)

.debug_str      0x00000000     0x2ab3
 *(.debug_str)
 .debug_str     0x00000000      0x3e6 C:/Program Files (x86)/Atmel/Studio/7.0/Packs/atmel/ATmega_DFP/1.7.374/gcc/dev/atmega2560/avr6/crtatmega2560.o
 .debug_str     0x000003e6      0x307 application.o
                                0x352 (size before relaxing)
 .debug_str     0x000006ed       0x95 drivers/hc_sr04.o
                                0x216 (size before relaxing)
 .debug_str     0x00000782       0x68 FreeRTOS/FreeRTOSTraceDriver/FreeRTOSTraceDriver.o
                                0x1ba (size before relaxing)
 .debug_str     0x000007ea      0x304 FreeRTOS/src/heap_4.o
                                0x483 (size before relaxing)
 .debug_str     0x00000aee      0x135 FreeRTOS/src/list.o
                                0x2bf (size before relaxing)
 .debug_str     0x00000c23      0x158 FreeRTOS/src/port.o
                                0x2f4 (size before relaxing)
 .debug_str     0x00000d7b      0x621 FreeRTOS/src/queue.o
                                0x933 (size before relaxing)
 .debug_str     0x0000139c      0xa76 FreeRTOS/src/tasks.o
                               0x1025 (size before relaxing)
 .debug_str     0x00001e12      0x414 FreeRTOS/src/timers.o
                                0x82a (size before relaxing)
 .debug_str     0x00002226       0x4e FreeRTOS/src/variantHooks.o
                                0x26b (size before relaxing)
 .debug_str     0x00002274       0x85 main.o
                                0x233 (size before relaxing)
 .debug_str     0x000022f9      0x2ed ../drivers\libIotLibrary.a(stdio_driver.o)
                                0x37d (size before relaxing)
 .debug_str     0x000025e6      0x1a5 ../drivers\libIotLibrary.a(status_leds.o)
                                0x381 (size before relaxing)
 .debug_str     0x0000278b      0x306 ../drivers\libIotLibrary.a(serial.o)
                                0x628 (size before relaxing)
 .debug_str     0x00002a91       0x22 ../drivers\libIotLibrary.a(fifo.o)
                                0x239 (size before relaxing)

.debug_loc      0x00000000     0x7a2f
 *(.debug_loc)
 .debug_loc     0x00000000      0x275 application.o
 .debug_loc     0x00000275      0x16d drivers/hc_sr04.o
 .debug_loc     0x000003e2       0x42 FreeRTOS/FreeRTOSTraceDriver/FreeRTOSTraceDriver.o
 .debug_loc     0x00000424      0x4be FreeRTOS/src/heap_4.o
 .debug_loc     0x000008e2      0x17d FreeRTOS/src/list.o
 .debug_loc     0x00000a5f       0xf6 FreeRTOS/src/port.o
 .debug_loc     0x00000b55     0x1abd FreeRTOS/src/queue.o
 .debug_loc     0x00002612     0x2b86 FreeRTOS/src/tasks.o
 .debug_loc     0x00005198     0x10f3 FreeRTOS/src/timers.o
 .debug_loc     0x0000628b       0xdc FreeRTOS/src/variantHooks.o
 .debug_loc     0x00006367      0x18c ../drivers\libIotLibrary.a(stdio_driver.o)
 .debug_loc     0x000064f3      0x292 ../drivers\libIotLibrary.a(status_leds.o)
 .debug_loc     0x00006785     0x114c ../drivers\libIotLibrary.a(serial.o)
 .debug_loc     0x000078d1      0x15e ../drivers\libIotLibrary.a(fifo.o)

.debug_macinfo
 *(.debug_macinfo)

.debug_weaknames
 *(.debug_weaknames)

.debug_funcnames
 *(.debug_funcnames)

.debug_typenames
 *(.debug_typenames)

.debug_varnames
 *(.debug_varnames)

.debug_pubtypes
 *(.debug_pubtypes)

.debug_ranges   0x00000000      0x6a8
 *(.debug_ranges)
 .debug_ranges  0x00000000       0x38 application.o
 .debug_ranges  0x00000038       0x18 drivers/hc_sr04.o
 .debug_ranges  0x00000050       0x20 FreeRTOS/FreeRTOSTraceDriver/FreeRTOSTraceDriver.o
 .debug_ranges  0x00000070       0x48 FreeRTOS/src/heap_4.o
 .debug_ranges  0x000000b8       0x30 FreeRTOS/src/list.o
 .debug_ranges  0x000000e8       0x48 FreeRTOS/src/port.o
 .debug_ranges  0x00000130      0x130 FreeRTOS/src/queue.o
 .debug_ranges  0x00000260      0x220 FreeRTOS/src/tasks.o
 .debug_ranges  0x00000480       0xb8 FreeRTOS/src/timers.o
 .debug_ranges  0x00000538       0x30 FreeRTOS/src/variantHooks.o
 .debug_ranges  0x00000568       0x18 main.o
 .debug_ranges  0x00000580       0x28 ../drivers\libIotLibrary.a(stdio_driver.o)
 .debug_ranges  0x000005a8       0x58 ../drivers\libIotLibrary.a(status_leds.o)
 .debug_ranges  0x00000600       0x98 ../drivers\libIotLibrary.a(serial.o)
 .debug_ranges  0x00000698       0x10 ../drivers\libIotLibrary.a(fifo.o)

.debug_macro
 *(.debug_macro)
OUTPUT(RTP_Project.elf elf32-avr)
LOAD linker stubs
